Archive member included to satisfy reference by file (symbol)

lcd/liblcd.a(lcd.c.obj)       CMakeFiles/pleper.dir/pleper.c.obj (lcd_clear)
C:/Users/nacho/.pico-sdk/toolchain/14_2_Rel1/bin/../lib/gcc/arm-none-eabi/14.2.1/thumb/v8-m.main+fp/softfp\libm.a(libm_a-wf_sqrt.o)
                              CMakeFiles/pleper.dir/C_/Users/nacho/.pico-sdk/sdk/2.2.0/src/rp2_common/pico_float/float_math.c.obj (sqrtf)
C:/Users/nacho/.pico-sdk/toolchain/14_2_Rel1/bin/../lib/gcc/arm-none-eabi/14.2.1/thumb/v8-m.main+fp/softfp\libm.a(libm_a-ef_sqrt.o)
                              C:/Users/nacho/.pico-sdk/toolchain/14_2_Rel1/bin/../lib/gcc/arm-none-eabi/14.2.1/thumb/v8-m.main+fp/softfp\libm.a(libm_a-wf_sqrt.o) (__ieee754_sqrtf)
C:/Users/nacho/.pico-sdk/toolchain/14_2_Rel1/bin/../lib/gcc/arm-none-eabi/14.2.1/thumb/v8-m.main+fp/softfp\libgcc.a(_arm_addsubdf3.o)
                              CMakeFiles/pleper.dir/C_/Users/nacho/.pico-sdk/sdk/2.2.0/src/rp2_common/pico_float/float_math.c.obj (__aeabi_f2d)
C:/Users/nacho/.pico-sdk/toolchain/14_2_Rel1/bin/../lib/gcc/arm-none-eabi/14.2.1/thumb/v8-m.main+fp/softfp\libgcc.a(_aeabi_ldivmod.o)
                              CMakeFiles/pleper.dir/C_/Users/nacho/.pico-sdk/sdk/2.2.0/src/common/pico_time/time.c.obj (__aeabi_ldivmod)
C:/Users/nacho/.pico-sdk/toolchain/14_2_Rel1/bin/../lib/gcc/arm-none-eabi/14.2.1/thumb/v8-m.main+fp/softfp\libgcc.a(_aeabi_uldivmod.o)
                              CMakeFiles/pleper.dir/C_/Users/nacho/.pico-sdk/sdk/2.2.0/src/rp2_common/hardware_clocks/clocks.c.obj (__aeabi_uldivmod)
C:/Users/nacho/.pico-sdk/toolchain/14_2_Rel1/bin/../lib/gcc/arm-none-eabi/14.2.1/thumb/v8-m.main+fp/softfp\libgcc.a(_udivmoddi4.o)
                              C:/Users/nacho/.pico-sdk/toolchain/14_2_Rel1/bin/../lib/gcc/arm-none-eabi/14.2.1/thumb/v8-m.main+fp/softfp\libgcc.a(_aeabi_ldivmod.o) (__udivmoddi4)
C:/Users/nacho/.pico-sdk/toolchain/14_2_Rel1/bin/../lib/gcc/arm-none-eabi/14.2.1/thumb/v8-m.main+fp/softfp\libgcc.a(_dvmd_tls.o)
                              C:/Users/nacho/.pico-sdk/toolchain/14_2_Rel1/bin/../lib/gcc/arm-none-eabi/14.2.1/thumb/v8-m.main+fp/softfp\libgcc.a(_aeabi_ldivmod.o) (__aeabi_ldiv0)
C:/Users/nacho/.pico-sdk/toolchain/14_2_Rel1/bin/../lib/gcc/arm-none-eabi/14.2.1/thumb/v8-m.main+fp/softfp\libg.a(libc_a-calloc.o)
                              CMakeFiles/pleper.dir/C_/Users/nacho/.pico-sdk/sdk/2.2.0/src/rp2_common/pico_malloc/malloc.c.obj (calloc)
C:/Users/nacho/.pico-sdk/toolchain/14_2_Rel1/bin/../lib/gcc/arm-none-eabi/14.2.1/thumb/v8-m.main+fp/softfp\libg.a(libc_a-callocr.o)
                              C:/Users/nacho/.pico-sdk/toolchain/14_2_Rel1/bin/../lib/gcc/arm-none-eabi/14.2.1/thumb/v8-m.main+fp/softfp\libg.a(libc_a-calloc.o) (_calloc_r)
C:/Users/nacho/.pico-sdk/toolchain/14_2_Rel1/bin/../lib/gcc/arm-none-eabi/14.2.1/thumb/v8-m.main+fp/softfp\libg.a(libc_a-malloc.o)
                              CMakeFiles/pleper.dir/C_/Users/nacho/.pico-sdk/sdk/2.2.0/src/rp2_common/pico_malloc/malloc.c.obj (malloc)
C:/Users/nacho/.pico-sdk/toolchain/14_2_Rel1/bin/../lib/gcc/arm-none-eabi/14.2.1/thumb/v8-m.main+fp/softfp\libg.a(libc_a-mallocr.o)
                              C:/Users/nacho/.pico-sdk/toolchain/14_2_Rel1/bin/../lib/gcc/arm-none-eabi/14.2.1/thumb/v8-m.main+fp/softfp\libg.a(libc_a-callocr.o) (_malloc_r)
C:/Users/nacho/.pico-sdk/toolchain/14_2_Rel1/bin/../lib/gcc/arm-none-eabi/14.2.1/thumb/v8-m.main+fp/softfp\libg.a(libc_a-mlock.o)
                              C:/Users/nacho/.pico-sdk/toolchain/14_2_Rel1/bin/../lib/gcc/arm-none-eabi/14.2.1/thumb/v8-m.main+fp/softfp\libg.a(libc_a-mallocr.o) (__malloc_lock)
C:/Users/nacho/.pico-sdk/toolchain/14_2_Rel1/bin/../lib/gcc/arm-none-eabi/14.2.1/thumb/v8-m.main+fp/softfp\libg.a(libc_a-realloc.o)
                              CMakeFiles/pleper.dir/C_/Users/nacho/.pico-sdk/sdk/2.2.0/src/rp2_common/pico_malloc/malloc.c.obj (realloc)
C:/Users/nacho/.pico-sdk/toolchain/14_2_Rel1/bin/../lib/gcc/arm-none-eabi/14.2.1/thumb/v8-m.main+fp/softfp\libg.a(libc_a-reallocr.o)
                              C:/Users/nacho/.pico-sdk/toolchain/14_2_Rel1/bin/../lib/gcc/arm-none-eabi/14.2.1/thumb/v8-m.main+fp/softfp\libg.a(libc_a-realloc.o) (_realloc_r)
C:/Users/nacho/.pico-sdk/toolchain/14_2_Rel1/bin/../lib/gcc/arm-none-eabi/14.2.1/thumb/v8-m.main+fp/softfp\libg.a(libc_a-memcmp.o)
                              CMakeFiles/pleper.dir/C_/Users/nacho/.pico-sdk/sdk/2.2.0/src/rp2_common/pico_atomic/atomic.c.obj (memcmp)
C:/Users/nacho/.pico-sdk/toolchain/14_2_Rel1/bin/../lib/gcc/arm-none-eabi/14.2.1/thumb/v8-m.main+fp/softfp\libg.a(libc_a-memmove.o)
                              C:/Users/nacho/.pico-sdk/toolchain/14_2_Rel1/bin/../lib/gcc/arm-none-eabi/14.2.1/thumb/v8-m.main+fp/softfp\libg.a(libc_a-reallocr.o) (memmove)
C:/Users/nacho/.pico-sdk/toolchain/14_2_Rel1/bin/../lib/gcc/arm-none-eabi/14.2.1/thumb/v8-m.main+fp/softfp\libg.a(libc_a-memset.o)
[...]
Memory Configuration

Name             Origin             Length             Attributes
FLASH            0x10000000         0x00400000         xr
RAM              0x20000000         0x00080000         xrw
SCRATCH_X        0x20080000         0x00001000         xrw
SCRATCH_Y        0x20081000         0x00001000         xrw
*default*        0x00000000         0xffffffff

Linker script and memory map

LOAD C:/Users/nacho/.pico-sdk/toolchain/14_2_Rel1/bin/../lib/gcc/arm-none-eabi/14.2.1/thumb/v8-m.main+fp/softfp/crti.o
LOAD C:/Users/nacho/.pico-sdk/toolchain/14_2_Rel1/bin/../lib/gcc/arm-none-eabi/14.2.1/thumb/v8-m.main+fp/softfp/crtbegin.o
LOAD C:/Users/nacho/.pico-sdk/toolchain/14_2_Rel1/bin/../lib/gcc/arm-none-eabi/14.2.1/thumb/v8-m.main+fp/softfp/crt0.o

.flash_begin    0x10000000        0x0
                0x10000000                        __flash_binary_start = .

.text           0x10000000     0x314c
                0x10000000                        __logical_binary_start = .
 *(.vectors)
 .vectors       0x10000000      0x124 CMakeFiles/pleper.dir/C_/Users/nacho/.pico-sdk/sdk/2.2.0/src/rp2_common/pico_crt0/crt0.S.obj
                0x10000000                __VECTOR_TABLE
                0x10000000                __vectors
                0x10000110                __unhandled_user_irq
                0x10000110                isr_irq49
                0x10000110                isr_irq13
                0x10000110                isr_irq43
                0x10000110                isr_irq45
                0x10000110                isr_irq27
                0x10000110                isr_irq32
                0x10000110                isr_irq31
                0x10000110                isr_irq12
                0x10000110                isr_irq5
                0x10000110                isr_irq11
                0x10000110                isr_irq3
                0x10000110                isr_irq23
                0x10000110                isr_usagefault
                0x10000110                isr_irq48
                0x10000110                isr_irq30
                0x10000110                isr_irq18
                0x10000110                isr_irq50
                0x10000110                isr_irq33
                0x10000110                isr_irq40
                0x10000110                isr_irq28
                0x10000110                isr_irq19
                0x10000110                isr_irq36
                0x10000110                isr_irq41
                0x10000110                isr_irq0
                0x10000110                isr_irq6
                0x10000110                isr_irq26
                0x10000110                isr_irq29
                0x10000110                isr_memmanage
                0x10000110                isr_irq37
                0x10000110                isr_irq42
                0x10000110                isr_irq22
                0x10000110                isr_irq35
                0x10000110                isr_irq17
                0x10000110                isr_irq38
                0x10000110                isr_irq14
                0x10000110                __vectors_end
                0x10000110                __default_isrs_start
                0x10000110                isr_irq2
                0x10000110                isr_irq10
                0x10000110                isr_irq8
                0x10000110                isr_debugmonitor
                0x10000110                isr_irq24
                0x10000110                isr_irq46
                0x10000110                isr_irq1
                0x10000110                isr_irq47
                0x10000110                isr_irq51
                0x10000110                isr_irq7
                0x10000110                isr_irq21
                0x10000110                isr_irq39
                0x10000110                isr_irq20
                0x10000110                isr_irq15
                0x10000110                isr_irq25
                0x10000110                isr_irq34
                0x10000110                isr_irq44
                0x10000110                isr_securefault
                0x10000110                isr_irq4
                0x10000110                isr_busfault
                0x10000110                isr_irq16
                0x10000110                isr_irq9
                0x10000116                unhandled_user_irq_num_in_r0
                0x10000118                isr_invalid
                0x1000011a                isr_nmi
                0x1000011c                isr_hardfault
                0x1000011e                isr_svcall
                0x10000120                isr_pendsv
                0x10000122                isr_systick
                0x10000124                __default_isrs_end
 *(.binary_info_header)
 .binary_info_header
                0x10000124       0x14 CMakeFiles/pleper.dir/C_/Users/nacho/.pico-sdk/sdk/2.2.0/src/rp2_common/pico_crt0/crt0.S.obj
                0x10000138                        __binary_info_header_end = .
 *(.embedded_block)
 .embedded_block
                0x10000138       0x14 CMakeFiles/pleper.dir/C_/Users/nacho/.pico-sdk/sdk/2.2.0/src/rp2_common/pico_crt0/crt0.S.obj
                0x1000014c                        __embedded_block_end = .
 *(.reset)
 .reset         0x1000014c       0x98 CMakeFiles/pleper.dir/C_/Users/nacho/.pico-sdk/sdk/2.2.0/src/rp2_common/pico_crt0/crt0.S.obj
                0x1000014c                _entry_point
 *(.init)
 .init          0x100001e4        0x4 C:/Users/nacho/.pico-sdk/toolchain/14_2_Rel1/bin/../lib/gcc/arm-none-eabi/14.2.1/thumb/v8-m.main+fp/softfp/crti.o
                0x100001e4                _init
 SORT_BY_NAME(REVERSE(*libgcc.a:cmse_nonsecure_call.o))()
 *(EXCLUDE_FILE(*libm.a: *libc.a:*lib_a-mem*.o *libgcc.a:) .text*)
 .text.register_tm_clones
                0x100001e8       0x28 C:/Users/nacho/.pico-sdk/toolchain/14_2_Rel1/bin/../lib/gcc/arm-none-eabi/14.2.1/thumb/v8-m.main+fp/softfp/crtbegin.o
 .text.frame_dummy
                0x10000210       0x24 C:/Users/nacho/.pico-sdk/toolchain/14_2_Rel1/bin/../lib/gcc/arm-none-eabi/14.2.1/thumb/v8-m.main+fp/softfp/crtbegin.o
 .text.adc_gpio_init
                0x10000234       0x1e CMakeFiles/pleper.dir/pleper.c.obj
 *fill*         0x10000252        0x2 
 .text.main     0x10000254      0x13c CMakeFiles/pleper.dir/pleper.c.obj
                0x10000254                main
 .text.gpio_set_function
                0x10000390       0x38 CMakeFiles/pleper.dir/C_/Users/nacho/.pico-sdk/sdk/2.2.0/src/rp2_common/hardware_gpio/gpio.c.obj
                0x10000390                gpio_set_function
 .text.gpio_set_pulls
                0x100003c8       0x38 CMakeFiles/pleper.dir/C_/Users/nacho/.pico-sdk/sdk/2.2.0/src/rp2_common/hardware_gpio/gpio.c.obj
                0x100003c8                gpio_set_pulls
 .text.gpio_set_input_enabled
                0x10000400       0x28 CMakeFiles/pleper.dir/C_/Users/nacho/.pico-sdk/sdk/2.2.0/src/rp2_common/hardware_gpio/gpio.c.obj
                0x10000400                gpio_set_input_enabled
 .text.panic    0x10000428       0x30 CMakeFiles/pleper.dir/C_/Users/nacho/.pico-sdk/sdk/2.2.0/src/rp2_common/pico_platform_panic/panic.c.obj
                0x10000428                panic
 .text.hw_claim_lock
                0x10000458       0x24 CMakeFiles/pleper.dir/C_/Users/nacho/.pico-sdk/sdk/2.2.0/src/common/hardware_claim/claim.c.obj
                0x10000458                hw_claim_lock
 .text.hw_claim_unlock
                0x1000047c       0x14 CMakeFiles/pleper.dir/C_/Users/nacho/.pico-sdk/sdk/2.2.0/src/common/hardware_claim/claim.c.obj
                0x1000047c                hw_claim_unlock
 .text.hw_claim_or_assert
                0x10000490       0x32 CMakeFiles/pleper.dir/C_/Users/nacho/.pico-sdk/sdk/2.2.0/src/common/hardware_claim/claim.c.obj
                0x10000490                hw_claim_or_assert
 *fill*         0x100004c2        0x2 
 .text.next_striped_spin_lock_num
                0x100004c4       0x1c CMakeFiles/pleper.dir/C_/Users/nacho/.pico-sdk/sdk/2.2.0/src/rp2_common/hardware_sync/sync.c.obj
                0x100004c4                next_striped_spin_lock_num
 .text.spinlock_set_extexclall
                0x100004e0        0xe CMakeFiles/pleper.dir/C_/Users/nacho/.pico-sdk/sdk/2.2.0/src/rp2_common/hardware_sync_spin_lock/sync_spin_lock.c.obj
 *fill*         0x100004ee        0x2 
 .text.spin_locks_reset
                0x100004f0       0x1c CMakeFiles/pleper.dir/C_/Users/nacho/.pico-sdk/sdk/2.2.0/src/rp2_common/hardware_sync_spin_lock/sync_spin_lock.c.obj
                0x100004f0                spin_locks_reset
 .text.set_raw_irq_handler_and_unlock
                0x1000050c       0x24 CMakeFiles/pleper.dir/C_/Users/nacho/.pico-sdk/sdk/2.2.0/src/rp2_common/hardware_irq/irq.c.obj
 .text.nvic_ipr0
                0x10000530        0x8 CMakeFiles/pleper.dir/C_/Users/nacho/.pico-sdk/sdk/2.2.0/src/rp2_common/hardware_irq/irq.c.obj
 .text.runtime_init_per_core_irq_priorities
                0x10000538       0x1c CMakeFiles/pleper.dir/C_/Users/nacho/.pico-sdk/sdk/2.2.0/src/rp2_common/hardware_irq/irq.c.obj
                0x10000538                runtime_init_per_core_irq_priorities
 .text.irq_set_mask_n_enabled
                0x10000554       0x20 CMakeFiles/pleper.dir/C_/Users/nacho/.pico-sdk/sdk/2.2.0/src/rp2_common/hardware_irq/irq.c.obj
                0x10000554                irq_set_mask_n_enabled
 .text.irq_set_enabled
                0x10000574       0x14 CMakeFiles/pleper.dir/C_/Users/nacho/.pico-sdk/sdk/2.2.0/src/rp2_common/hardware_irq/irq.c.obj
                0x10000574                irq_set_enabled
 .text.irq_get_vtable_handler
                0x10000588       0x10 CMakeFiles/pleper.dir/C_/Users/nacho/.pico-sdk/sdk/2.2.0/src/rp2_common/hardware_irq/irq.c.obj
                0x10000588                irq_get_vtable_handler
 .text.irq_set_exclusive_handler
                0x10000598       0x60 CMakeFiles/pleper.dir/C_/Users/nacho/.pico-sdk/sdk/2.2.0/src/rp2_common/hardware_irq/irq.c.obj
                0x10000598                irq_set_exclusive_handler
 .text.lock_init
                0x100005f8        0xc CMakeFiles/pleper.dir/C_/Users/nacho/.pico-sdk/sdk/2.2.0/src/common/pico_sync/lock_core.c.obj
                0x100005f8                lock_init
 .text.mutex_init
                0x10000604       0x1a CMakeFiles/pleper.dir/C_/Users/nacho/.pico-sdk/sdk/2.2.0/src/common/pico_sync/mutex.c.obj
                0x10000604                mutex_init
 .text.recursive_mutex_init
                0x1000061e       0x1e CMakeFiles/pleper.dir/C_/Users/nacho/.pico-sdk/sdk/2.2.0/src/common/pico_sync/mutex.c.obj
                0x1000061e                recursive_mutex_init
 .text.runtime_init_mutex
                0x1000063c       0x4c CMakeFiles/pleper.dir/C_/Users/nacho/.pico-sdk/sdk/2.2.0/src/common/pico_sync/mutex.c.obj
                0x1000063c                runtime_init_mutex
 .text.ta_from_current_irq
                0x10000688       0x24 CMakeFiles/pleper.dir/C_/Users/nacho/.pico-sdk/sdk/2.2.0/src/common/pico_time/time.c.obj
 .text.ta_set_timeout
                0x100006ac       0x2a CMakeFiles/pleper.dir/C_/Users/nacho/.pico-sdk/sdk/2.2.0/src/common/pico_time/time.c.obj
 .text.make_alarm_id
                0x100006d6        0x6 CMakeFiles/pleper.dir/C_/Users/nacho/.pico-sdk/sdk/2.2.0/src/common/pico_time/time.c.obj
 .text.sleep_until_callback
                0x100006dc       0x3c CMakeFiles/pleper.dir/C_/Users/nacho/.pico-sdk/sdk/2.2.0/src/common/pico_time/time.c.obj
 .text.alarm_pool_irq_handler
                0x10000718      0x2ec CMakeFiles/pleper.dir/C_/Users/nacho/.pico-sdk/sdk/2.2.0/src/common/pico_time/time.c.obj
 .text.ta_enable_irq_handler
                0x10000a04       0x38 CMakeFiles/pleper.dir/C_/Users/nacho/.pico-sdk/sdk/2.2.0/src/common/pico_time/time.c.obj
 .text.alarm_pool_post_alloc_init
                0x10000a3c       0x7c CMakeFiles/pleper.dir/C_/Users/nacho/.pico-sdk/sdk/2.2.0/src/common/pico_time/time.c.obj
 .text.alarm_pool_get_default
                0x10000ab8       0x28 CMakeFiles/pleper.dir/C_/Users/nacho/.pico-sdk/sdk/2.2.0/src/common/pico_time/time.c.obj
                0x10000ab8                alarm_pool_get_default
 .text.alarm_pool_add_alarm_at_force_in_context
                0x10000ae0       0xc0 CMakeFiles/pleper.dir/C_/Users/nacho/.pico-sdk/sdk/2.2.0/src/common/pico_time/time.c.obj
                0x10000ae0                alarm_pool_add_alarm_at_force_in_context
 .text.alarm_pool_add_alarm_at
                0x10000ba0       0x38 CMakeFiles/pleper.dir/C_/Users/nacho/.pico-sdk/sdk/2.2.0/src/common/pico_time/time.c.obj
                0x10000ba0                alarm_pool_add_alarm_at
 .text.add_alarm_at
                0x10000bd8       0x26 CMakeFiles/pleper.dir/C_/Users/nacho/.pico-sdk/sdk/2.2.0/src/common/pico_time/time.c.obj
 .text.alarm_pool_cancel_alarm
                0x10000bfe       0x72 CMakeFiles/pleper.dir/C_/Users/nacho/.pico-sdk/sdk/2.2.0/src/common/pico_time/time.c.obj
                0x10000bfe                alarm_pool_cancel_alarm
 .text.cancel_alarm
                0x10000c70       0x10 CMakeFiles/pleper.dir/C_/Users/nacho/.pico-sdk/sdk/2.2.0/src/common/pico_time/time.c.obj
 .text.sleep_until
                0x10000c80       0xb4 CMakeFiles/pleper.dir/C_/Users/nacho/.pico-sdk/sdk/2.2.0/src/common/pico_time/time.c.obj
                0x10000c80                sleep_until
 .text.sleep_us
                0x10000d34       0x24 CMakeFiles/pleper.dir/C_/Users/nacho/.pico-sdk/sdk/2.2.0/src/common/pico_time/time.c.obj
                0x10000d34                sleep_us
 .text.sleep_ms
                0x10000d58       0x28 CMakeFiles/pleper.dir/C_/Users/nacho/.pico-sdk/sdk/2.2.0/src/common/pico_time/time.c.obj
                0x10000d58                sleep_ms
 .text.best_effort_wfe_or_timeout
                0x10000d80       0xfc CMakeFiles/pleper.dir/C_/Users/nacho/.pico-sdk/sdk/2.2.0/src/common/pico_time/time.c.obj
                0x10000d80                best_effort_wfe_or_timeout
 .text.alarm_pool_get_default_timer
                0x10000e7c        0x8 CMakeFiles/pleper.dir/C_/Users/nacho/.pico-sdk/sdk/2.2.0/src/common/pico_time/time.c.obj
                0x10000e7c                alarm_pool_get_default_timer
 .text.runtime_init_default_alarm_pool
                0x10000e84       0x34 CMakeFiles/pleper.dir/C_/Users/nacho/.pico-sdk/sdk/2.2.0/src/common/pico_time/time.c.obj
                0x10000e84                runtime_init_default_alarm_pool
 .text.timer_hardware_alarm_claim
                0x10000eb8       0x24 CMakeFiles/pleper.dir/C_/Users/nacho/.pico-sdk/sdk/2.2.0/src/rp2_common/hardware_timer/timer.c.obj
                0x10000eb8                timer_hardware_alarm_claim
 .text.timer_time_us_64
                0x10000edc       0x10 CMakeFiles/pleper.dir/C_/Users/nacho/.pico-sdk/sdk/2.2.0/src/rp2_common/hardware_timer/timer.c.obj
                0x10000edc                timer_time_us_64
 .text.timer_busy_wait_until
                0x10000eec       0x1a CMakeFiles/pleper.dir/C_/Users/nacho/.pico-sdk/sdk/2.2.0/src/rp2_common/hardware_timer/timer.c.obj
                0x10000eec                timer_busy_wait_until
 *fill*         0x10000f06        0x2 
 .text.time_us_64
                0x10000f08       0x10 CMakeFiles/pleper.dir/C_/Users/nacho/.pico-sdk/sdk/2.2.0/src/rp2_common/hardware_timer/timer.c.obj
                0x10000f08                time_us_64
 .text.busy_wait_until
                0x10000f18       0x14 CMakeFiles/pleper.dir/C_/Users/nacho/.pico-sdk/sdk/2.2.0/src/rp2_common/hardware_timer/timer.c.obj
                0x10000f18                busy_wait_until
 .text.clock_configure_internal
                0x10000f2c       0xb8 CMakeFiles/pleper.dir/C_/Users/nacho/.pico-sdk/sdk/2.2.0/src/rp2_common/hardware_clocks/clocks.c.obj
 .text.clock_configure_undivided
                0x10000fe4       0x12 CMakeFiles/pleper.dir/C_/Users/nacho/.pico-sdk/sdk/2.2.0/src/rp2_common/hardware_clocks/clocks.c.obj
                0x10000fe4                clock_configure_undivided
 *fill*         0x10000ff6        0x2 
 .text.clock_get_hz
                0x10000ff8        0xc CMakeFiles/pleper.dir/C_/Users/nacho/.pico-sdk/sdk/2.2.0/src/rp2_common/hardware_clocks/clocks.c.obj
                0x10000ff8                clock_get_hz
 .text.pll_init
                0x10001004      0x108 CMakeFiles/pleper.dir/C_/Users/nacho/.pico-sdk/sdk/2.2.0/src/rp2_common/hardware_pll/pll.c.obj
                0x10001004                pll_init
 .text.tick_start
                0x1000110c       0x1c CMakeFiles/pleper.dir/C_/Users/nacho/.pico-sdk/sdk/2.2.0/src/rp2_common/hardware_ticks/ticks.c.obj
                0x1000110c                tick_start
 .text.rom_func_lookup
                0x10001128       0x1e CMakeFiles/pleper.dir/C_/Users/nacho/.pico-sdk/sdk/2.2.0/src/rp2_common/pico_bootrom/bootrom.c.obj
                0x10001128                rom_func_lookup
 *fill*         0x10001146        0x2 
 .text.runtime_init_bootrom_locking_enable
                0x10001148       0x14 CMakeFiles/pleper.dir/C_/Users/nacho/.pico-sdk/sdk/2.2.0/src/rp2_common/pico_bootrom/bootrom_lock.c.obj
                0x10001148                runtime_init_bootrom_locking_enable
 .text.boot_locks_reset
                0x1000115c       0x20 CMakeFiles/pleper.dir/C_/Users/nacho/.pico-sdk/sdk/2.2.0/src/rp2_common/hardware_boot_lock/boot_lock.c.obj
                0x1000115c                boot_locks_reset
 .text.runtime_init_boot_locks_reset
                0x1000117c        0x8 CMakeFiles/pleper.dir/C_/Users/nacho/.pico-sdk/sdk/2.2.0/src/rp2_common/hardware_boot_lock/boot_lock.c.obj
                0x1000117c                runtime_init_boot_locks_reset
 .text.xosc_init
                0x10001184       0x28 CMakeFiles/pleper.dir/C_/Users/nacho/.pico-sdk/sdk/2.2.0/src/rp2_common/hardware_xosc/xosc.c.obj
                0x10001184                xosc_init
 .text.runtime_run_initializers_from
                0x100011ac       0x18 CMakeFiles/pleper.dir/C_/Users/nacho/.pico-sdk/sdk/2.2.0/src/rp2_common/pico_runtime/runtime.c.obj
 .text.first_per_core_initializer
                0x100011c4        0x2 CMakeFiles/pleper.dir/C_/Users/nacho/.pico-sdk/sdk/2.2.0/src/rp2_common/pico_runtime/runtime.c.obj
 *fill*         0x100011c6        0x2 
 .text.runtime_run_initializers
                0x100011c8       0x10 CMakeFiles/pleper.dir/C_/Users/nacho/.pico-sdk/sdk/2.2.0/src/rp2_common/pico_runtime/runtime.c.obj
                0x100011c8                runtime_run_initializers
 .text.runtime_init_early_resets
                0x100011d8       0x2c CMakeFiles/pleper.dir/C_/Users/nacho/.pico-sdk/sdk/2.2.0/src/rp2_common/pico_runtime_init/runtime_init.c.obj
                0x100011d8                runtime_init_early_resets
 .text.runtime_init_usb_power_down
                0x10001204       0x20 CMakeFiles/pleper.dir/C_/Users/nacho/.pico-sdk/sdk/2.2.0/src/rp2_common/pico_runtime_init/runtime_init.c.obj
                0x10001204                runtime_init_usb_power_down
 .text.runtime_init_per_core_enable_coprocessors
                0x10001224       0x1c CMakeFiles/pleper.dir/C_/Users/nacho/.pico-sdk/sdk/2.2.0/src/rp2_common/pico_runtime_init/runtime_init.c.obj
                0x10001224                runtime_init_per_core_enable_coprocessors
 .text.runtime_init_post_clock_resets
                0x10001240       0x20 CMakeFiles/pleper.dir/C_/Users/nacho/.pico-sdk/sdk/2.2.0/src/rp2_common/pico_runtime_init/runtime_init.c.obj
                0x10001240                runtime_init_post_clock_resets
 .text.runtime_init_bootrom_reset
                0x10001260       0x12 CMakeFiles/pleper.dir/C_/Users/nacho/.pico-sdk/sdk/2.2.0/src/rp2_common/pico_runtime_init/runtime_init.c.obj
                0x10001260                runtime_init_bootrom_reset
 .text.runtime_init_per_core_bootrom_reset
                0x10001272       0x12 CMakeFiles/pleper.dir/C_/Users/nacho/.pico-sdk/sdk/2.2.0/src/rp2_common/pico_runtime_init/runtime_init.c.obj
                0x10001272                runtime_init_per_core_bootrom_reset
 .text.runtime_init_spin_locks_reset
                0x10001284        0x8 CMakeFiles/pleper.dir/C_/Users/nacho/.pico-sdk/sdk/2.2.0/src/rp2_common/pico_runtime_init/runtime_init.c.obj
                0x10001284                runtime_init_spin_locks_reset
 .text.runtime_init_install_ram_vector_table
                0x1000128c       0x48 CMakeFiles/pleper.dir/C_/Users/nacho/.pico-sdk/sdk/2.2.0/src/rp2_common/pico_runtime_init/runtime_init.c.obj
                0x1000128c                runtime_init_install_ram_vector_table
 .text.start_all_ticks
                0x100012d4       0x28 CMakeFiles/pleper.dir/C_/Users/nacho/.pico-sdk/sdk/2.2.0/src/rp2_common/pico_runtime_init/runtime_init_clocks.c.obj
 .text.runtime_init_clocks
                0x100012fc       0xc4 CMakeFiles/pleper.dir/C_/Users/nacho/.pico-sdk/sdk/2.2.0/src/rp2_common/pico_runtime_init/runtime_init_clocks.c.obj
                0x100012fc                runtime_init_clocks
 .text.__rp2350_dcp_engaged_state_save_restore
                0x100013c0       0x3a CMakeFiles/pleper.dir/C_/Users/nacho/.pico-sdk/sdk/2.2.0/src/rp2_common/pico_double/double_aeabi_dcp.S.obj
 *fill*         0x100013fa        0x2 
 .text.__wrap___aeabi_dadd
                0x100013fc       0x28 CMakeFiles/pleper.dir/C_/Users/nacho/.pico-sdk/sdk/2.2.0/src/rp2_common/pico_double/double_aeabi_dcp.S.obj
                0x10001404                __wrap___aeabi_dadd
 .text.__wrap___aeabi_dsub
                0x10001424       0x28 CMakeFiles/pleper.dir/C_/Users/nacho/.pico-sdk/sdk/2.2.0/src/rp2_common/pico_double/double_aeabi_dcp.S.obj
                0x1000142c                __wrap___aeabi_dsub
 .text.__wrap___aeabi_dmul
                0x1000144c       0x4c CMakeFiles/pleper.dir/C_/Users/nacho/.pico-sdk/sdk/2.2.0/src/rp2_common/pico_double/double_aeabi_dcp.S.obj
                0x10001454                __wrap___aeabi_dmul
 .text.__wrap___aeabi_ddiv
                0x10001498       0x9c CMakeFiles/pleper.dir/C_/Users/nacho/.pico-sdk/sdk/2.2.0/src/rp2_common/pico_double/double_aeabi_dcp.S.obj
                0x100014a0                __wrap___aeabi_ddiv
 .text.__wrap___aeabi_i2d
                0x10001534       0x24 CMakeFiles/pleper.dir/C_/Users/nacho/.pico-sdk/sdk/2.2.0/src/rp2_common/pico_double/double_aeabi_dcp.S.obj
                0x1000153c                int2double
                0x1000153c                __wrap___aeabi_i2d
 .text.__wrap___aeabi_ui2d
                0x10001558       0x24 CMakeFiles/pleper.dir/C_/Users/nacho/.pico-sdk/sdk/2.2.0/src/rp2_common/pico_double/double_aeabi_dcp.S.obj
                0x10001560                uint2double
                0x10001560                __wrap___aeabi_ui2d
 .text.__wrap___aeabi_d2iz
                0x1000157c       0x24 CMakeFiles/pleper.dir/C_/Users/nacho/.pico-sdk/sdk/2.2.0/src/rp2_common/pico_double/double_aeabi_dcp.S.obj
                0x10001584                double2int_z
                0x10001584                __wrap___aeabi_d2iz
 .text.__wrap___aeabi_d2uiz
                0x100015a0       0x24 CMakeFiles/pleper.dir/C_/Users/nacho/.pico-sdk/sdk/2.2.0/src/rp2_common/pico_double/double_aeabi_dcp.S.obj
                0x100015a8                double2uint
                0x100015a8                __wrap___aeabi_d2uiz
                0x100015a8                double2uint_z
 .text.__wrap___aeabi_dcmpun
                0x100015c4       0x24 CMakeFiles/pleper.dir/C_/Users/nacho/.pico-sdk/sdk/2.2.0/src/rp2_common/pico_double/double_aeabi_dcp.S.obj
                0x100015cc                __wrap___aeabi_dcmpun
 .text.__wrap___aeabi_dcmplt
                0x100015e8       0x28 CMakeFiles/pleper.dir/C_/Users/nacho/.pico-sdk/sdk/2.2.0/src/rp2_common/pico_double/double_aeabi_dcp.S.obj
                0x100015f0                __wrap___aeabi_dcmplt
 .text.__wrap___aeabi_dcmple
                0x10001610       0x28 CMakeFiles/pleper.dir/C_/Users/nacho/.pico-sdk/sdk/2.2.0/src/rp2_common/pico_double/double_aeabi_dcp.S.obj
                0x10001618                __wrap___aeabi_dcmple
 .text.__wrap___aeabi_dcmpge
                0x10001638       0x28 CMakeFiles/pleper.dir/C_/Users/nacho/.pico-sdk/sdk/2.2.0/src/rp2_common/pico_double/double_aeabi_dcp.S.obj
                0x10001640                __wrap___aeabi_dcmpge
 .text.__wrap___aeabi_dcmpgt
                0x10001660       0x28 CMakeFiles/pleper.dir/C_/Users/nacho/.pico-sdk/sdk/2.2.0/src/rp2_common/pico_double/double_aeabi_dcp.S.obj
                0x10001668                __wrap___aeabi_dcmpgt
 .text._out_buffer
                0x10001688        0x8 CMakeFiles/pleper.dir/C_/Users/nacho/.pico-sdk/sdk/2.2.0/src/rp2_common/pico_printf/printf.c.obj
 .text._out_null
                0x10001690        0x2 CMakeFiles/pleper.dir/C_/Users/nacho/.pico-sdk/sdk/2.2.0/src/rp2_common/pico_printf/printf.c.obj
 .text._out_fct
                0x10001692        0xe CMakeFiles/pleper.dir/C_/Users/nacho/.pico-sdk/sdk/2.2.0/src/rp2_common/pico_printf/printf.c.obj
 .text._atoi    0x100016a0       0x26 CMakeFiles/pleper.dir/C_/Users/nacho/.pico-sdk/sdk/2.2.0/src/rp2_common/pico_printf/printf.c.obj
 .text._out_rev
                0x100016c6       0x7e CMakeFiles/pleper.dir/C_/Users/nacho/.pico-sdk/sdk/2.2.0/src/rp2_common/pico_printf/printf.c.obj
 .text._ntoa_format
                0x10001744      0x134 CMakeFiles/pleper.dir/C_/Users/nacho/.pico-sdk/sdk/2.2.0/src/rp2_common/pico_printf/printf.c.obj
 .text._ntoa_long
                0x10001878       0x94 CMakeFiles/pleper.dir/C_/Users/nacho/.pico-sdk/sdk/2.2.0/src/rp2_common/pico_printf/printf.c.obj
 .text._ntoa_long_long
                0x1000190c       0xc2 CMakeFiles/pleper.dir/C_/Users/nacho/.pico-sdk/sdk/2.2.0/src/rp2_common/pico_printf/printf.c.obj
 *fill*         0x100019ce        0x2 
 .text._etoa    0x100019d0      0x420 CMakeFiles/pleper.dir/C_/Users/nacho/.pico-sdk/sdk/2.2.0/src/rp2_common/pico_printf/printf.c.obj
 .text._ftoa    0x10001df0      0x398 CMakeFiles/pleper.dir/C_/Users/nacho/.pico-sdk/sdk/2.2.0/src/rp2_common/pico_printf/printf.c.obj
 .text._vsnprintf
                0x10002188      0x6d8 CMakeFiles/pleper.dir/C_/Users/nacho/.pico-sdk/sdk/2.2.0/src/rp2_common/pico_printf/printf.c.obj
 .text.__wrap_snprintf
                0x10002860       0x28 CMakeFiles/pleper.dir/C_/Users/nacho/.pico-sdk/sdk/2.2.0/src/rp2_common/pico_printf/printf.c.obj
                0x10002860                __wrap_snprintf
 .text.vfctprintf
                0x10002888       0x24 CMakeFiles/pleper.dir/C_/Users/nacho/.pico-sdk/sdk/2.2.0/src/rp2_common/pico_printf/printf.c.obj
                0x10002888                vfctprintf
 .text._exit    0x100028ac        0x4 CMakeFiles/pleper.dir/C_/Users/nacho/.pico-sdk/sdk/2.2.0/src/rp2_common/pico_clib_interface/newlib_interface.c.obj
                0x100028ac                _exit
 .text.exit     0x100028b0        0x6 CMakeFiles/pleper.dir/C_/Users/nacho/.pico-sdk/sdk/2.2.0/src/rp2_common/pico_clib_interface/newlib_interface.c.obj
                0x100028b0                exit
 *fill*         0x100028b6        0x2 
 .text.__assert_func
                0x100028b8       0x34 CMakeFiles/pleper.dir/C_/Users/nacho/.pico-sdk/sdk/2.2.0/src/rp2_common/pico_clib_interface/newlib_interface.c.obj
                0x100028b8                __assert_func
 .text.runtime_init
                0x100028ec       0x2c CMakeFiles/pleper.dir/C_/Users/nacho/.pico-sdk/sdk/2.2.0/src/rp2_common/pico_clib_interface/newlib_interface.c.obj
                0x100028ec                runtime_init
 .text.stdio_out_chars_no_crlf
                0x10002918        0xe CMakeFiles/pleper.dir/C_/Users/nacho/.pico-sdk/sdk/2.2.0/src/rp2_common/pico_stdio/stdio.c.obj
 *fill*         0x10002926        0x2 
 .text.stdio_out_chars_crlf
                0x10002928       0x80 CMakeFiles/pleper.dir/C_/Users/nacho/.pico-sdk/sdk/2.2.0/src/rp2_common/pico_stdio/stdio.c.obj
 .text.stdio_stack_buffer_flush
                0x100029a8       0x40 CMakeFiles/pleper.dir/C_/Users/nacho/.pico-sdk/sdk/2.2.0/src/rp2_common/pico_stdio/stdio.c.obj
 .text.stdio_buffered_printer
                0x100029e8       0x20 CMakeFiles/pleper.dir/C_/Users/nacho/.pico-sdk/sdk/2.2.0/src/rp2_common/pico_stdio/stdio.c.obj
 .text.stdout_serialize_begin
                0x10002a08       0x2c CMakeFiles/pleper.dir/C_/Users/nacho/.pico-sdk/sdk/2.2.0/src/rp2_common/pico_stdio/stdio.c.obj
                0x10002a08                stdout_serialize_begin
 .text.stdout_serialize_end
                0x10002a34       0x10 CMakeFiles/pleper.dir/C_/Users/nacho/.pico-sdk/sdk/2.2.0/src/rp2_common/pico_stdio/stdio.c.obj
                0x10002a34                stdout_serialize_end
 .text.stdio_put_string
                0x10002a44       0x8c CMakeFiles/pleper.dir/C_/Users/nacho/.pico-sdk/sdk/2.2.0/src/rp2_common/pico_stdio/stdio.c.obj
                0x10002a44                stdio_put_string
 .text.stdio_flush
                0x10002ad0       0x1c CMakeFiles/pleper.dir/C_/Users/nacho/.pico-sdk/sdk/2.2.0/src/rp2_common/pico_stdio/stdio.c.obj
                0x10002ad0                stdio_flush
 .text.__wrap_puts
                0x10002aec       0x1e CMakeFiles/pleper.dir/C_/Users/nacho/.pico-sdk/sdk/2.2.0/src/rp2_common/pico_stdio/stdio.c.obj
                0x10002aec                stdio_puts
                0x10002aec                __wrap_puts
 *fill*         0x10002b0a        0x2 
 .text.__wrap_vprintf
                0x10002b0c       0x40 CMakeFiles/pleper.dir/C_/Users/nacho/.pico-sdk/sdk/2.2.0/src/rp2_common/pico_stdio/stdio.c.obj
                0x10002b0c                stdio_vprintf
                0x10002b0c                __wrap_vprintf
 .text.__wrap_printf
                0x10002b4c       0x1c CMakeFiles/pleper.dir/C_/Users/nacho/.pico-sdk/sdk/2.2.0/src/rp2_common/pico_stdio/stdio.c.obj
                0x10002b4c                __wrap_printf
                0x10002b4c                stdio_printf
 .text.i2c_unreset
                0x10002b68       0x2c CMakeFiles/pleper.dir/C_/Users/nacho/.pico-sdk/sdk/2.2.0/src/rp2_common/hardware_i2c/i2c.c.obj
 .text.i2c_write_blocking_internal
                0x10002b94      0x124 CMakeFiles/pleper.dir/C_/Users/nacho/.pico-sdk/sdk/2.2.0/src/rp2_common/hardware_i2c/i2c.c.obj
 .text.i2c_set_baudrate
                0x10002cb8       0xc8 CMakeFiles/pleper.dir/C_/Users/nacho/.pico-sdk/sdk/2.2.0/src/rp2_common/hardware_i2c/i2c.c.obj
                0x10002cb8                i2c_set_baudrate
 .text.i2c_init
                0x10002d80       0x54 CMakeFiles/pleper.dir/C_/Users/nacho/.pico-sdk/sdk/2.2.0/src/rp2_common/hardware_i2c/i2c.c.obj
                0x10002d80                i2c_init
 .text.i2c_write_blocking
                0x10002dd4       0x18 CMakeFiles/pleper.dir/C_/Users/nacho/.pico-sdk/sdk/2.2.0/src/rp2_common/hardware_i2c/i2c.c.obj
                0x10002dd4                i2c_write_blocking
 .text.adc_init
                0x10002dec       0x34 CMakeFiles/pleper.dir/C_/Users/nacho/.pico-sdk/sdk/2.2.0/src/rp2_common/hardware_adc/adc.c.obj
                0x10002dec                adc_init
 .text.i2c_write_byte
                0x10002e20       0x2c lcd/liblcd.a(lcd.c.obj)
                0x10002e20                i2c_write_byte
 .text.lcd_toggle_enable
                0x10002e4c       0x34 lcd/liblcd.a(lcd.c.obj)
                0x10002e4c                lcd_toggle_enable
 .text.lcd_send_byte
                0x10002e80       0x38 lcd/liblcd.a(lcd.c.obj)
                0x10002e80                lcd_send_byte
 .text.lcd_create_char
                0x10002eb8       0x28 lcd/liblcd.a(lcd.c.obj)
                0x10002eb8                lcd_create_char
 .text.lcd_clear
                0x10002ee0        0xc lcd/liblcd.a(lcd.c.obj)
                0x10002ee0                lcd_clear
 .text.lcd_set_cursor
                0x10002eec       0x30 lcd/liblcd.a(lcd.c.obj)
                0x10002eec                lcd_set_cursor
 .text.lcd_char
                0x10002f1c        0xa lcd/liblcd.a(lcd.c.obj)
                0x10002f1c                lcd_char
 .text.lcd_string
                0x10002f26       0x14 lcd/liblcd.a(lcd.c.obj)
                0x10002f26                lcd_string
 *fill*         0x10002f3a        0x2 
 .text.lcd_init
                0x10002f3c       0x68 lcd/liblcd.a(lcd.c.obj)
                0x10002f3c                lcd_init
 .text          0x10002fa4       0xec C:/Users/nacho/.pico-sdk/toolchain/14_2_Rel1/bin/../lib/gcc/arm-none-eabi/14.2.1/thumb/v8-m.main+fp/softfp\libg.a(libc_a-memcpy.o)
                0x10002fa4                memcpy
 .text.strlen   0x10003090       0x5c C:/Users/nacho/.pico-sdk/toolchain/14_2_Rel1/bin/../lib/gcc/arm-none-eabi/14.2.1/thumb/v8-m.main+fp/softfp\libg.a(libc_a-strlen-stub.o)
                0x10003090                strlen
 *(.fini)
 .fini          0x100030ec        0x4 C:/Users/nacho/.pico-sdk/toolchain/14_2_Rel1/bin/../lib/gcc/arm-none-eabi/14.2.1/thumb/v8-m.main+fp/softfp/crti.o
                0x100030ec                _fini
 .fini.__stub   0x100030f0       0x18 linker stubs
 *crtbegin.o(.ctors)
 *crtbegin?.o(.ctors)
 *(EXCLUDE_FILE(*crtend.o *crtend?.o) .ctors)
 *(SORT_BY_NAME(.ctors.*))
 *(.ctors)
 *crtbegin.o(.dtors)
 *crtbegin?.o(.dtors)
 *(EXCLUDE_FILE(*crtend.o *crtend?.o) .dtors)
 *(SORT_BY_NAME(.dtors.*))
 *(.dtors)
                0x10003108                        . = ALIGN (0x4)
                0x10003108                        PROVIDE (__preinit_array_start = .)
 *(SORT_BY_NAME(.preinit_array.*))
 .preinit_array.00050
                0x10003108        0x4 CMakeFiles/pleper.dir/C_/Users/nacho/.pico-sdk/sdk/2.2.0/src/rp2_common/pico_runtime_init/runtime_init.c.obj
                0x10003108                __pre_init_runtime_init_bootrom_reset
 .preinit_array.00100
                0x1000310c        0x4 CMakeFiles/pleper.dir/C_/Users/nacho/.pico-sdk/sdk/2.2.0/src/rp2_common/pico_runtime_init/runtime_init.c.obj
                0x1000310c                __pre_init_runtime_init_early_resets
 .preinit_array.00101
                0x10003110        0x4 CMakeFiles/pleper.dir/C_/Users/nacho/.pico-sdk/sdk/2.2.0/src/rp2_common/pico_runtime_init/runtime_init.c.obj
                0x10003110                __pre_init_runtime_init_usb_power_down
 .preinit_array.00500
                0x10003114        0x4 CMakeFiles/pleper.dir/C_/Users/nacho/.pico-sdk/sdk/2.2.0/src/rp2_common/pico_runtime_init/runtime_init.c.obj
                0x10003114                __pre_init_runtime_init_clocks
 .preinit_array.00600
                0x10003118        0x4 CMakeFiles/pleper.dir/C_/Users/nacho/.pico-sdk/sdk/2.2.0/src/rp2_common/pico_runtime_init/runtime_init.c.obj
                0x10003118                __pre_init_runtime_init_post_clock_resets
 .preinit_array.01000
                0x1000311c        0x4 CMakeFiles/pleper.dir/C_/Users/nacho/.pico-sdk/sdk/2.2.0/src/rp2_common/hardware_boot_lock/boot_lock.c.obj
                0x1000311c                __pre_init_runtime_init_boot_locks_reset
 .preinit_array.01000
                0x10003120        0x4 CMakeFiles/pleper.dir/C_/Users/nacho/.pico-sdk/sdk/2.2.0/src/rp2_common/pico_runtime_init/runtime_init.c.obj
                0x10003120                __pre_init_runtime_init_spin_locks_reset
 .preinit_array.01010
                0x10003124        0x4 CMakeFiles/pleper.dir/C_/Users/nacho/.pico-sdk/sdk/2.2.0/src/rp2_common/pico_bootrom/bootrom_lock.c.obj
                0x10003124                __pre_init_runtime_init_bootrom_locking_enable
 .preinit_array.01100
                0x10003128        0x4 CMakeFiles/pleper.dir/C_/Users/nacho/.pico-sdk/sdk/2.2.0/src/common/pico_sync/mutex.c.obj
                0x10003128                __pre_init_runtime_init_mutex
 .preinit_array.10080
                0x1000312c        0x4 CMakeFiles/pleper.dir/C_/Users/nacho/.pico-sdk/sdk/2.2.0/src/rp2_common/pico_runtime_init/runtime_init.c.obj
                0x1000312c                __pre_init_runtime_init_install_ram_vector_table
 .preinit_array.11000
                0x10003130        0x4 CMakeFiles/pleper.dir/C_/Users/nacho/.pico-sdk/sdk/2.2.0/src/common/pico_time/time.c.obj
                0x10003130                __pre_init_runtime_init_default_alarm_pool
 .preinit_array.YYYYY
                0x10003134        0x4 CMakeFiles/pleper.dir/C_/Users/nacho/.pico-sdk/sdk/2.2.0/src/rp2_common/pico_runtime/runtime.c.obj
                0x10003134                __pre_init_first_per_core_initializer
 .preinit_array.ZZZZZ.00051
                0x10003138        0x4 CMakeFiles/pleper.dir/C_/Users/nacho/.pico-sdk/sdk/2.2.0/src/rp2_common/pico_runtime_init/runtime_init.c.obj
                0x10003138                __pre_init_runtime_init_per_core_bootrom_reset
 .preinit_array.ZZZZZ.00200
                0x1000313c        0x4 CMakeFiles/pleper.dir/C_/Users/nacho/.pico-sdk/sdk/2.2.0/src/rp2_common/pico_runtime_init/runtime_init.c.obj
                0x1000313c                __pre_init_runtime_init_per_core_enable_coprocessors
 .preinit_array.ZZZZZ.01000
                0x10003140        0x4 CMakeFiles/pleper.dir/C_/Users/nacho/.pico-sdk/sdk/2.2.0/src/rp2_common/hardware_sync_spin_lock/sync_spin_lock.c.obj
                0x10003140                __pre_init_spinlock_set_extexclall
 .preinit_array.ZZZZZ.01200
                0x10003144        0x4 CMakeFiles/pleper.dir/C_/Users/nacho/.pico-sdk/sdk/2.2.0/src/rp2_common/hardware_irq/irq.c.obj
                0x10003144                __pre_init_runtime_init_per_core_irq_priorities
 *(.preinit_array)
                0x10003148                        PROVIDE (__preinit_array_end = .)
                0x10003148                        . = ALIGN (0x4)
                0x10003148                        PROVIDE (__init_array_start = .)
 *(SORT_BY_NAME(.init_array.*))
 *(.init_array)
 .init_array    0x10003148        0x4 C:/Users/nacho/.pico-sdk/toolchain/14_2_Rel1/bin/../lib/gcc/arm-none-eabi/14.2.1/thumb/v8-m.main+fp/softfp/crtbegin.o
                0x1000314c                        PROVIDE (__init_array_end = .)
                0x1000314c                        . = ALIGN (0x4)
                [!provide]                        PROVIDE (__fini_array_start = .)
 *(SORT_BY_NAME(.fini_array.*))
 *(.fini_array)
                [!provide]                        PROVIDE (__fini_array_end = .)
 *(.eh_frame*)
 .eh_frame      0x1000314c        0x0 C:/Users/nacho/.pico-sdk/toolchain/14_2_Rel1/bin/../lib/gcc/arm-none-eabi/14.2.1/thumb/v8-m.main+fp/softfp/crtbegin.o
                0x1000314c                        . = ALIGN (0x4)

.glue_7         0x1000314c        0x0
 .glue_7        0x1000314c        0x0 linker stubs

.glue_7t        0x1000314c        0x0
 .glue_7t       0x1000314c        0x0 linker stubs

.vfp11_veneer   0x1000314c        0x0
 .vfp11_veneer  0x1000314c        0x0 linker stubs

.v4_bx          0x1000314c        0x0
 .v4_bx         0x1000314c        0x0 linker stubs

.iplt           0x1000314c        0x0
 .iplt          0x1000314c        0x0 C:/Users/nacho/.pico-sdk/toolchain/14_2_Rel1/bin/../lib/gcc/arm-none-eabi/14.2.1/thumb/v8-m.main+fp/softfp/crtbegin.o

.boot2          0x1000314c        0x0
                0x1000314c                        __boot2_start__ = .
 *(.boot2)
                0x1000314c                        __boot2_end__ = .
                0x00000001                        ASSERT (((__boot2_end__ - __boot2_start__) <= 0x100), ERROR: Pico second stage bootloader must be no more than 256 bytes in size)

.rodata         0x10003150      0x600
 *(EXCLUDE_FILE(*libm.a: *libc.a:*lib_a-mem*.o *libgcc.a:) .rodata*)
 .rodata.main.str1.4
                0x10003150      0x495 CMakeFiles/pleper.dir/pleper.c.obj
                                 0x16 (size before relaxing)
 .rodata.panic.str1.4
                0x100035e5       0x12 CMakeFiles/pleper.dir/C_/Users/nacho/.pico-sdk/sdk/2.2.0/src/rp2_common/pico_platform_panic/panic.c.obj
 .rodata.resolve_j_16.str1.4
                0x100035e5       0x5d CMakeFiles/pleper.dir/C_/Users/nacho/.pico-sdk/sdk/2.2.0/src/rp2_common/hardware_irq/irq.c.obj
 .rodata.irq_set_exclusive_handler.str1.4
                0x100035e5       0x36 CMakeFiles/pleper.dir/C_/Users/nacho/.pico-sdk/sdk/2.2.0/src/rp2_common/hardware_irq/irq.c.obj
 *fill*         0x100035e5        0x3 
 .rodata.__func__.6
                0x100035e8       0x1a CMakeFiles/pleper.dir/C_/Users/nacho/.pico-sdk/sdk/2.2.0/src/rp2_common/hardware_irq/irq.c.obj
 .rodata.runtime_init_mutex.str1.4
                0x10003602       0x60 CMakeFiles/pleper.dir/C_/Users/nacho/.pico-sdk/sdk/2.2.0/src/common/pico_sync/mutex.c.obj
 .rodata.str1.4
                0x10003602       0x51 CMakeFiles/pleper.dir/C_/Users/nacho/.pico-sdk/sdk/2.2.0/src/common/pico_sync/mutex.c.obj
 *fill*         0x10003602        0x2 
 .rodata.__func__.1
                0x10003604        0xb CMakeFiles/pleper.dir/C_/Users/nacho/.pico-sdk/sdk/2.2.0/src/common/pico_sync/mutex.c.obj
 *fill*         0x1000360f        0x1 
 .rodata.__func__.3
                0x10003610       0x18 CMakeFiles/pleper.dir/C_/Users/nacho/.pico-sdk/sdk/2.2.0/src/common/pico_sync/mutex.c.obj
 .rodata.__func__.6
                0x10003628       0x13 CMakeFiles/pleper.dir/C_/Users/nacho/.pico-sdk/sdk/2.2.0/src/common/pico_sync/mutex.c.obj
 .rodata.alarm_pool_irq_handler.str1.4
                0x1000363b       0x6b CMakeFiles/pleper.dir/C_/Users/nacho/.pico-sdk/sdk/2.2.0/src/common/pico_time/time.c.obj
 .rodata.alarm_pool_get_default.str1.4
                0x1000363b       0x21 CMakeFiles/pleper.dir/C_/Users/nacho/.pico-sdk/sdk/2.2.0/src/common/pico_time/time.c.obj
 .rodata.sleep_until.str1.4
                0x1000363b       0x4d CMakeFiles/pleper.dir/C_/Users/nacho/.pico-sdk/sdk/2.2.0/src/common/pico_time/time.c.obj
 *fill*         0x1000363b        0x1 
 .rodata.__func__.1
                0x1000363c       0x17 CMakeFiles/pleper.dir/C_/Users/nacho/.pico-sdk/sdk/2.2.0/src/common/pico_time/time.c.obj
 *fill*         0x10003653        0x1 
 .rodata.__func__.2
                0x10003654       0x17 CMakeFiles/pleper.dir/C_/Users/nacho/.pico-sdk/sdk/2.2.0/src/common/pico_time/time.c.obj
 .rodata.timer_hardware_alarm_claim.str1.4
                0x1000366b       0x22 CMakeFiles/pleper.dir/C_/Users/nacho/.pico-sdk/sdk/2.2.0/src/rp2_common/hardware_timer/timer.c.obj
 .rodata.pll_init.str1.4
                0x1000366b      0x11c CMakeFiles/pleper.dir/C_/Users/nacho/.pico-sdk/sdk/2.2.0/src/rp2_common/hardware_pll/pll.c.obj
 *fill*         0x1000366b        0x1 
 .rodata.__func__.0
                0x1000366c        0x9 CMakeFiles/pleper.dir/C_/Users/nacho/.pico-sdk/sdk/2.2.0/src/rp2_common/hardware_pll/pll.c.obj
 .rodata.str1.4
                0x10003675       0x40 CMakeFiles/pleper.dir/C_/Users/nacho/.pico-sdk/sdk/2.2.0/src/rp2_common/pico_standard_binary_info/standard_binary_info.c.obj
 *fill*         0x10003675        0x3 
 .rodata.__bi_84
                0x10003678        0xc CMakeFiles/pleper.dir/C_/Users/nacho/.pico-sdk/sdk/2.2.0/src/rp2_common/pico_standard_binary_info/standard_binary_info.c.obj
 .rodata.__bi_78
                0x10003684        0xc CMakeFiles/pleper.dir/C_/Users/nacho/.pico-sdk/sdk/2.2.0/src/rp2_common/pico_standard_binary_info/standard_binary_info.c.obj
 .rodata.__bi_60
                0x10003690        0xc CMakeFiles/pleper.dir/C_/Users/nacho/.pico-sdk/sdk/2.2.0/src/rp2_common/pico_standard_binary_info/standard_binary_info.c.obj
 .rodata.__bi_54
                0x1000369c        0xc CMakeFiles/pleper.dir/C_/Users/nacho/.pico-sdk/sdk/2.2.0/src/rp2_common/pico_standard_binary_info/standard_binary_info.c.obj
 .rodata.__bi_48
                0x100036a8        0xc CMakeFiles/pleper.dir/C_/Users/nacho/.pico-sdk/sdk/2.2.0/src/rp2_common/pico_standard_binary_info/standard_binary_info.c.obj
 .rodata.__bi_42
                0x100036b4        0xc CMakeFiles/pleper.dir/C_/Users/nacho/.pico-sdk/sdk/2.2.0/src/rp2_common/pico_standard_binary_info/standard_binary_info.c.obj
 .rodata.__bi_34
                0x100036c0        0xc CMakeFiles/pleper.dir/C_/Users/nacho/.pico-sdk/sdk/2.2.0/src/rp2_common/pico_standard_binary_info/standard_binary_info.c.obj
 .rodata.__bi_26
                0x100036cc        0xc CMakeFiles/pleper.dir/C_/Users/nacho/.pico-sdk/sdk/2.2.0/src/rp2_common/pico_standard_binary_info/standard_binary_info.c.obj
 .rodata._ftoa.str1.4
                0x100036d8       0x15 CMakeFiles/pleper.dir/C_/Users/nacho/.pico-sdk/sdk/2.2.0/src/rp2_common/pico_printf/printf.c.obj
 .rodata.pow10.0
                0x100036d8       0x50 CMakeFiles/pleper.dir/C_/Users/nacho/.pico-sdk/sdk/2.2.0/src/rp2_common/pico_printf/printf.c.obj
 .rodata.__assert_func.str1.4
                0x10003728       0x43 CMakeFiles/pleper.dir/C_/Users/nacho/.pico-sdk/sdk/2.2.0/src/rp2_common/pico_clib_interface/newlib_interface.c.obj
 .rodata.crlf_str.0
                0x10003728        0x2 CMakeFiles/pleper.dir/C_/Users/nacho/.pico-sdk/sdk/2.2.0/src/rp2_common/pico_stdio/stdio.c.obj
 .rodata.i2c_set_baudrate.str1.4
                0x1000372a       0x65 CMakeFiles/pleper.dir/C_/Users/nacho/.pico-sdk/sdk/2.2.0/src/rp2_common/hardware_i2c/i2c.c.obj
 *fill*         0x1000372a        0x2 
 .rodata.__func__.0
                0x1000372c       0x11 CMakeFiles/pleper.dir/C_/Users/nacho/.pico-sdk/sdk/2.2.0/src/rp2_common/hardware_i2c/i2c.c.obj
 *fill*         0x1000373d        0x3 
 .rodata        0x10003740       0x10 lcd/liblcd.a(lcd.c.obj)
 *(.srodata*)
                0x10003750                        . = ALIGN (0x4)
 *(SORT_BY_ALIGNMENT(SORT_BY_NAME(.flashdata*)))
                0x10003750                        . = ALIGN (0x4)

.ARM.extab
 *(.ARM.extab* .gnu.linkonce.armextab.*)
                0x10003750                        __exidx_start = .

.ARM.exidx      0x10003750        0x8
 *(.ARM.exidx* .gnu.linkonce.armexidx.*)
 .ARM.exidx     0x10003750        0x8 C:/Users/nacho/.pico-sdk/toolchain/14_2_Rel1/bin/../lib/gcc/arm-none-eabi/14.2.1/thumb/v8-m.main+fp/softfp\libg.a(libc_a-memcpy.o)
 .ARM.exidx.text.__udivmoddi4
                0x10003758        0x0 C:/Users/nacho/.pico-sdk/toolchain/14_2_Rel1/bin/../lib/gcc/arm-none-eabi/14.2.1/thumb/v8-m.main+fp/softfp\libgcc.a(_udivmoddi4.o)
                                  0x8 (size before relaxing)
                0x10003758                        __exidx_end = .
                0x10003758                        . = ALIGN (0x4)
                0x10003758                        __binary_info_start = .

.binary_info    0x10003758       0x20
 *(.binary_info.keep.*)
 .binary_info.keep.__bi_ptr84
                0x10003758        0x4 CMakeFiles/pleper.dir/C_/Users/nacho/.pico-sdk/sdk/2.2.0/src/rp2_common/pico_standard_binary_info/standard_binary_info.c.obj
 .binary_info.keep.__bi_ptr78
                0x1000375c        0x4 CMakeFiles/pleper.dir/C_/Users/nacho/.pico-sdk/sdk/2.2.0/src/rp2_common/pico_standard_binary_info/standard_binary_info.c.obj
 .binary_info.keep.__bi_ptr60
                0x10003760        0x4 CMakeFiles/pleper.dir/C_/Users/nacho/.pico-sdk/sdk/2.2.0/src/rp2_common/pico_standard_binary_info/standard_binary_info.c.obj
 .binary_info.keep.__bi_ptr54
                0x10003764        0x4 CMakeFiles/pleper.dir/C_/Users/nacho/.pico-sdk/sdk/2.2.0/src/rp2_common/pico_standard_binary_info/standard_binary_info.c.obj
 .binary_info.keep.__bi_ptr48
                0x10003768        0x4 CMakeFiles/pleper.dir/C_/Users/nacho/.pico-sdk/sdk/2.2.0/src/rp2_common/pico_standard_binary_info/standard_binary_info.c.obj
 .binary_info.keep.__bi_ptr42
                0x1000376c        0x4 CMakeFiles/pleper.dir/C_/Users/nacho/.pico-sdk/sdk/2.2.0/src/rp2_common/pico_standard_binary_info/standard_binary_info.c.obj
 .binary_info.keep.__bi_ptr34
                0x10003770        0x4 CMakeFiles/pleper.dir/C_/Users/nacho/.pico-sdk/sdk/2.2.0/src/rp2_common/pico_standard_binary_info/standard_binary_info.c.obj
 .binary_info.keep.__bi_ptr26
                0x10003774        0x4 CMakeFiles/pleper.dir/C_/Users/nacho/.pico-sdk/sdk/2.2.0/src/rp2_common/pico_standard_binary_info/standard_binary_info.c.obj
 *(.binary_info.*)
                0x10003778                        __binary_info_end = .
                0x10003778                        . = ALIGN (0x4)

.ram_vector_table
                0x20000000      0x110
 *(.ram_vector_table)
 .ram_vector_table
                0x20000000      0x110 CMakeFiles/pleper.dir/C_/Users/nacho/.pico-sdk/sdk/2.2.0/src/rp2_common/pico_runtime_init/runtime_init.c.obj
                0x20000000                ram_vector_table

.uninitialized_data
                0x20000110        0x0
                0x20000110                        . = ALIGN (0x4)
 *(.uninitialized_data*)

.data           0x20000110      0x534 load address 0x10003778
                0x20000110                        __data_start__ = .
 *(vtable)
 *(.time_critical*)
 .time_critical.mutex_try_enter
                0x20000110       0x58 CMakeFiles/pleper.dir/C_/Users/nacho/.pico-sdk/sdk/2.2.0/src/common/pico_sync/mutex.c.obj
                0x20000110                mutex_try_enter
 .time_critical.mutex_enter_block_until
                0x20000168       0x84 CMakeFiles/pleper.dir/C_/Users/nacho/.pico-sdk/sdk/2.2.0/src/common/pico_sync/mutex.c.obj
                0x20000168                mutex_enter_block_until
 .time_critical.mutex_try_enter_block_until
                0x200001ec       0x32 CMakeFiles/pleper.dir/C_/Users/nacho/.pico-sdk/sdk/2.2.0/src/common/pico_sync/mutex.c.obj
                0x200001ec                mutex_try_enter_block_until
 *fill*         0x2000021e        0x2 
 .time_critical.mutex_exit
                0x20000220       0x58 CMakeFiles/pleper.dir/C_/Users/nacho/.pico-sdk/sdk/2.2.0/src/common/pico_sync/mutex.c.obj
                0x20000220                mutex_exit
 *(.text*)
 .text          0x20000278       0x30 C:/Users/nacho/.pico-sdk/toolchain/14_2_Rel1/bin/../lib/gcc/arm-none-eabi/14.2.1/thumb/v8-m.main+fp/softfp\libgcc.a(_aeabi_uldivmod.o)
                0x20000278                __aeabi_uldivmod
 .text.__udivmoddi4
                0x200002a8      0x34c C:/Users/nacho/.pico-sdk/toolchain/14_2_Rel1/bin/../lib/gcc/arm-none-eabi/14.2.1/thumb/v8-m.main+fp/softfp\libgcc.a(_udivmoddi4.o)
                0x200002a8                __udivmoddi4
 .text          0x200005f4        0x4 C:/Users/nacho/.pico-sdk/toolchain/14_2_Rel1/bin/../lib/gcc/arm-none-eabi/14.2.1/thumb/v8-m.main+fp/softfp\libgcc.a(_dvmd_tls.o)
                0x200005f4                __aeabi_idiv0
                0x200005f4                __aeabi_ldiv0
 .text.__stub   0x200005f8       0x10 linker stubs
                0x20000608                        . = ALIGN (0x4)
 *(.rodata*)
                0x20000608                        . = ALIGN (0x4)
 *(.data*)
 .data.striped_spin_lock_num
                0x20000608        0x1 CMakeFiles/pleper.dir/C_/Users/nacho/.pico-sdk/sdk/2.2.0/src/rp2_common/hardware_sync/sync.c.obj
 *fill*         0x20000609        0x3 
 .data.default_alarm_pool
                0x2000060c       0x18 CMakeFiles/pleper.dir/C_/Users/nacho/.pico-sdk/sdk/2.2.0/src/common/pico_time/time.c.obj
 .data.i2c1_inst
                0x20000624        0x8 CMakeFiles/pleper.dir/C_/Users/nacho/.pico-sdk/sdk/2.2.0/src/rp2_common/hardware_i2c/i2c.c.obj
                0x20000624                i2c1_inst
 .data.i2c0_inst
                0x2000062c        0x8 CMakeFiles/pleper.dir/C_/Users/nacho/.pico-sdk/sdk/2.2.0/src/rp2_common/hardware_i2c/i2c.c.obj
                0x2000062c                i2c0_inst
 .data.barra_completa
                0x20000634        0x8 lcd/liblcd.a(lcd.c.obj)
 *(.sdata*)
                0x2000063c                        . = ALIGN (0x4)
 *(.after_data.*)
                0x2000063c                        . = ALIGN (0x4)
                0x2000063c                        PROVIDE (__mutex_array_start = .)
 *(SORT_BY_NAME(.mutex_array.*))
 *(.mutex_array)
 .mutex_array   0x2000063c        0x8 CMakeFiles/pleper.dir/C_/Users/nacho/.pico-sdk/sdk/2.2.0/src/rp2_common/pico_stdio/stdio.c.obj
                0x20000644                        PROVIDE (__mutex_array_end = .)
 *(.jcr)
                0x20000644                        . = ALIGN (0x4)

.tm_clone_table
                0x20000644        0x0 load address 0x10003cac
 .tm_clone_table
                0x20000644        0x0 C:/Users/nacho/.pico-sdk/toolchain/14_2_Rel1/bin/../lib/gcc/arm-none-eabi/14.2.1/thumb/v8-m.main+fp/softfp/crtbegin.o
 .tm_clone_table
                0x20000644        0x0 C:/Users/nacho/.pico-sdk/toolchain/14_2_Rel1/bin/../lib/gcc/arm-none-eabi/14.2.1/thumb/v8-m.main+fp/softfp/crtend.o

.igot.plt       0x20000644        0x0 load address 0x10003cac
 .igot.plt      0x20000644        0x0 C:/Users/nacho/.pico-sdk/toolchain/14_2_Rel1/bin/../lib/gcc/arm-none-eabi/14.2.1/thumb/v8-m.main+fp/softfp/crtbegin.o

.tdata          0x20000644        0x0 load address 0x10003cac
                0x20000644                        . = ALIGN (0x4)
 *(.tdata .tdata.* .gnu.linkonce.td.*)
                0x20000644                        __tdata_end = .
                0x20000644                        PROVIDE (__data_end__ = .)
                0x10003778                        __etext = LOADADDR (.data)

.tbss           0x20000644        0x0 load address 0x10003cac
                0x20000644                        . = ALIGN (0x4)
                0x20000644                        __bss_start__ = .
                0x20000644                        __tls_base = .
 *(.tbss .tbss.* .gnu.linkonce.tb.*)
 *(.tcommon)
                0x20000644                        __tls_end = .

.bss            0x20000648      0x220 load address 0x10003cac
                0x20000648                        . = ALIGN (0x4)
                0x20000648                        __tbss_end = .
 *(SORT_BY_ALIGNMENT(SORT_BY_NAME(.bss*)))
 .bss.default_alarm_pool_entries
                0x20000648      0x180 CMakeFiles/pleper.dir/C_/Users/nacho/.pico-sdk/sdk/2.2.0/src/common/pico_time/time.c.obj
 .bss._sw_spin_locks
                0x200007c8       0x20 CMakeFiles/pleper.dir/C_/Users/nacho/.pico-sdk/sdk/2.2.0/src/rp2_common/hardware_sync_spin_lock/sync_spin_lock.c.obj
                0x200007c8                _sw_spin_locks
 .bss.barra_vacia
                0x200007e8        0x8 lcd/liblcd.a(lcd.c.obj)
 .bss.claimed   0x200007f0        0x2 CMakeFiles/pleper.dir/C_/Users/nacho/.pico-sdk/sdk/2.2.0/src/rp2_common/hardware_timer/timer.c.obj
 *fill*         0x200007f2        0x2 
 .bss.configured_freq
                0x200007f4       0x28 CMakeFiles/pleper.dir/C_/Users/nacho/.pico-sdk/sdk/2.2.0/src/rp2_common/hardware_clocks/clocks.c.obj
 .bss.drivers   0x2000081c        0x4 CMakeFiles/pleper.dir/C_/Users/nacho/.pico-sdk/sdk/2.2.0/src/rp2_common/pico_stdio/stdio.c.obj
 .bss.filter    0x20000820        0x4 CMakeFiles/pleper.dir/C_/Users/nacho/.pico-sdk/sdk/2.2.0/src/rp2_common/pico_stdio/stdio.c.obj
 .bss.lcd_i2c   0x20000824        0x4 lcd/liblcd.a(lcd.c.obj)
 .bss.object.0  0x20000828       0x18 C:/Users/nacho/.pico-sdk/toolchain/14_2_Rel1/bin/../lib/gcc/arm-none-eabi/14.2.1/thumb/v8-m.main+fp/softfp/crtbegin.o
 .bss.pools     0x20000840       0x20 CMakeFiles/pleper.dir/C_/Users/nacho/.pico-sdk/sdk/2.2.0/src/common/pico_time/time.c.obj
 .bss.sleep_notifier
                0x20000860        0x4 CMakeFiles/pleper.dir/C_/Users/nacho/.pico-sdk/sdk/2.2.0/src/common/pico_time/time.c.obj
 .bss.addr      0x20000864        0x1 lcd/liblcd.a(lcd.c.obj)
 *(COMMON)
                [!provide]                        PROVIDE (__global_pointer$ = (. + 0x800))
 *(.sbss*)
                0x20000868                        . = ALIGN (0x4)
 *fill*         0x20000865        0x3 
                0x20000868                        __bss_end__ = .

.heap           0x20000868      0x800 load address 0x10003cac
                0x20000868                        __end__ = .
                0x20000868                        end = __end__
 *(.heap*)
 .heap          0x20000868      0x800 CMakeFiles/pleper.dir/C_/Users/nacho/.pico-sdk/sdk/2.2.0/src/rp2_common/pico_crt0/crt0.S.obj
                0x20080000                        __HeapLimit = (ORIGIN (RAM) + LENGTH (RAM))

.scratch_x      0x20080000        0x0 load address 0x10003cac
                0x20080000                        __scratch_x_start__ = .
 *(.scratch_x.*)
                0x20080000                        . = ALIGN (0x4)
                0x20080000                        __scratch_x_end__ = .
                0x10003cac                        __scratch_x_source__ = LOADADDR (.scratch_x)

.scratch_y      0x20081000        0x0 load address 0x10003cac
                0x20081000                        __scratch_y_start__ = .
 *(.scratch_y.*)
                0x20081000                        . = ALIGN (0x4)
                0x20081000                        __scratch_y_end__ = .
                0x10003cac                        __scratch_y_source__ = LOADADDR (.scratch_y)

.stack1_dummy
 *(.stack1*)

.stack_dummy    0x20081000      0x800
 *(.stack*)
 .stack         0x20081000      0x800 CMakeFiles/pleper.dir/C_/Users/nacho/.pico-sdk/sdk/2.2.0/src/rp2_common/pico_crt0/crt0.S.obj

.flash_end      0x10003cac       0x14
 *(.embedded_end_block*)
 .embedded_end_block
                0x10003cac       0x14 CMakeFiles/pleper.dir/C_/Users/nacho/.pico-sdk/sdk/2.2.0/src/rp2_common/pico_crt0/crt0.S.obj
                0x10003cc0                        PROVIDE (__flash_binary_end = .)
                0x20080000                        __StackLimit = (ORIGIN (RAM) + LENGTH (RAM))
                0x20081000                        __StackOneTop = (ORIGIN (SCRATCH_X) + LENGTH (SCRATCH_X))
                0x20082000                        __StackTop = (ORIGIN (SCRATCH_Y) + LENGTH (SCRATCH_Y))
                0x20081000                        __StackOneBottom = (__StackOneTop - SIZEOF (.stack1_dummy))
                0x20081800                        __StackBottom = (__StackTop - SIZEOF (.stack_dummy))
                0x20082000                        PROVIDE (__stack = __StackTop)
                [!provide]                        PROVIDE (__heap_start = __end__)
                [!provide]                        PROVIDE (__heap_end = __HeapLimit)
                [!provide]                        PROVIDE (__tls_align = MAX (ALIGNOF (.tdata), ALIGNOF (.tbss)))
                [!provide]                        PROVIDE (__tls_size_align = (((__tls_size + __tls_align) - 0x1) & ~ ((__tls_align - 0x1))))
                [!provide]                        PROVIDE (__arm32_tls_tcb_offset = MAX (0x8, __tls_align))
                [!provide]                        PROVIDE (_end = __end__)
                [!provide]                        PROVIDE (__llvm_libc_heap_limit = __HeapLimit)
                0x00000001                        ASSERT ((__StackLimit >= __HeapLimit), region RAM overflowed)
                0x00000001                        ASSERT (((__binary_info_header_end - __logical_binary_start) <= 0x400), Binary info must be in first 1024 bytes of the binary)
                0x00000001                        ASSERT (((__embedded_block_end - __logical_binary_start) <= 0x1000), Embedded block must be in first 4096 bytes of the binary)
LOAD CMakeFiles/pleper.dir/pleper.c.obj
LOAD CMakeFiles/pleper.dir/C_/Users/nacho/.pico-sdk/sdk/2.2.0/src/rp2_common/pico_stdlib/stdlib.c.obj
LOAD CMakeFiles/pleper.dir/C_/Users/nacho/.pico-sdk/sdk/2.2.0/src/rp2_common/hardware_gpio/gpio.c.obj
LOAD CMakeFiles/pleper.dir/C_/Users/nacho/.pico-sdk/sdk/2.2.0/src/rp2350/pico_platform/platform.c.obj
LOAD CMakeFiles/pleper.dir/C_/Users/nacho/.pico-sdk/sdk/2.2.0/src/rp2_common/pico_platform_common/common.c.obj
LOAD CMakeFiles/pleper.dir/C_/Users/nacho/.pico-sdk/sdk/2.2.0/src/rp2_common/pico_platform_panic/panic.c.obj
LOAD CMakeFiles/pleper.dir/C_/Users/nacho/.pico-sdk/sdk/2.2.0/src/common/hardware_claim/claim.c.obj
LOAD CMakeFiles/pleper.dir/C_/Users/nacho/.pico-sdk/sdk/2.2.0/src/rp2_common/hardware_sync/sync.c.obj
LOAD CMakeFiles/pleper.dir/C_/Users/nacho/.pico-sdk/sdk/2.2.0/src/rp2_common/hardware_sync_spin_lock/sync_spin_lock.c.obj
LOAD CMakeFiles/pleper.dir/C_/Users/nacho/.pico-sdk/sdk/2.2.0/src/rp2_common/hardware_irq/irq.c.obj
LOAD CMakeFiles/pleper.dir/C_/Users/nacho/.pico-sdk/sdk/2.2.0/src/rp2_common/hardware_irq/irq_handler_chain.S.obj
LOAD CMakeFiles/pleper.dir/C_/Users/nacho/.pico-sdk/sdk/2.2.0/src/common/pico_sync/sem.c.obj
LOAD CMakeFiles/pleper.dir/C_/Users/nacho/.pico-sdk/sdk/2.2.0/src/common/pico_sync/lock_core.c.obj
LOAD CMakeFiles/pleper.dir/C_/Users/nacho/.pico-sdk/sdk/2.2.0/src/common/pico_sync/mutex.c.obj
LOAD CMakeFiles/pleper.dir/C_/Users/nacho/.pico-sdk/sdk/2.2.0/src/common/pico_sync/critical_section.c.obj
LOAD CMakeFiles/pleper.dir/C_/Users/nacho/.pico-sdk/sdk/2.2.0/src/common/pico_time/time.c.obj
LOAD CMakeFiles/pleper.dir/C_/Users/nacho/.pico-sdk/sdk/2.2.0/src/common/pico_time/timeout_helper.c.obj
LOAD CMakeFiles/pleper.dir/C_/Users/nacho/.pico-sdk/sdk/2.2.0/src/rp2_common/hardware_timer/timer.c.obj
LOAD CMakeFiles/pleper.dir/C_/Users/nacho/.pico-sdk/sdk/2.2.0/src/common/pico_util/datetime.c.obj
LOAD CMakeFiles/pleper.dir/C_/Users/nacho/.pico-sdk/sdk/2.2.0/src/common/pico_util/pheap.c.obj
LOAD CMakeFiles/pleper.dir/C_/Users/nacho/.pico-sdk/sdk/2.2.0/src/common/pico_util/queue.c.obj
LOAD CMakeFiles/pleper.dir/C_/Users/nacho/.pico-sdk/sdk/2.2.0/src/rp2_common/hardware_uart/uart.c.obj
LOAD CMakeFiles/pleper.dir/C_/Users/nacho/.pico-sdk/sdk/2.2.0/src/rp2_common/hardware_clocks/clocks.c.obj
LOAD CMakeFiles/pleper.dir/C_/Users/nacho/.pico-sdk/sdk/2.2.0/src/rp2_common/hardware_pll/pll.c.obj
LOAD CMakeFiles/pleper.dir/C_/Users/nacho/.pico-sdk/sdk/2.2.0/src/rp2_common/hardware_vreg/vreg.c.obj
LOAD CMakeFiles/pleper.dir/C_/Users/nacho/.pico-sdk/sdk/2.2.0/src/rp2_common/hardware_watchdog/watchdog.c.obj
LOAD CMakeFiles/pleper.dir/C_/Users/nacho/.pico-sdk/sdk/2.2.0/src/rp2_common/hardware_ticks/ticks.c.obj
LOAD CMakeFiles/pleper.dir/C_/Users/nacho/.pico-sdk/sdk/2.2.0/src/rp2_common/pico_bootrom/bootrom.c.obj
LOAD CMakeFiles/pleper.dir/C_/Users/nacho/.pico-sdk/sdk/2.2.0/src/rp2_common/pico_bootrom/bootrom_lock.c.obj
LOAD CMakeFiles/pleper.dir/C_/Users/nacho/.pico-sdk/sdk/2.2.0/src/rp2_common/hardware_boot_lock/boot_lock.c.obj
LOAD CMakeFiles/pleper.dir/C_/Users/nacho/.pico-sdk/sdk/2.2.0/src/rp2_common/pico_flash/flash.c.obj
LOAD CMakeFiles/pleper.dir/C_/Users/nacho/.pico-sdk/sdk/2.2.0/src/rp2_common/hardware_xosc/xosc.c.obj
LOAD CMakeFiles/pleper.dir/C_/Users/nacho/.pico-sdk/sdk/2.2.0/src/rp2_common/hardware_divider/divider.c.obj
LOAD CMakeFiles/pleper.dir/C_/Users/nacho/.pico-sdk/sdk/2.2.0/src/rp2_common/pico_runtime/runtime.c.obj
LOAD CMakeFiles/pleper.dir/C_/Users/nacho/.pico-sdk/sdk/2.2.0/src/rp2_common/pico_runtime_init/runtime_init.c.obj
LOAD CMakeFiles/pleper.dir/C_/Users/nacho/.pico-sdk/sdk/2.2.0/src/rp2_common/pico_runtime_init/runtime_init_clocks.c.obj
LOAD CMakeFiles/pleper.dir/C_/Users/nacho/.pico-sdk/sdk/2.2.0/src/rp2_common/pico_runtime_init/runtime_init_stack_guard.c.obj
LOAD CMakeFiles/pleper.dir/C_/Users/nacho/.pico-sdk/sdk/2.2.0/src/rp2_common/pico_bit_ops/bit_ops_aeabi.S.obj
LOAD CMakeFiles/pleper.dir/C_/Users/nacho/.pico-sdk/sdk/2.2.0/src/rp2_common/pico_divider/divider_compiler.c.obj
LOAD CMakeFiles/pleper.dir/C_/Users/nacho/.pico-sdk/sdk/2.2.0/src/rp2_common/pico_double/double_math.c.obj
LOAD CMakeFiles/pleper.dir/C_/Users/nacho/.pico-sdk/sdk/2.2.0/src/rp2_common/pico_double/double_aeabi_dcp.S.obj
LOAD CMakeFiles/pleper.dir/C_/Users/nacho/.pico-sdk/sdk/2.2.0/src/rp2_common/pico_double/double_fma_dcp.S.obj
LOAD CMakeFiles/pleper.dir/C_/Users/nacho/.pico-sdk/sdk/2.2.0/src/rp2_common/pico_double/double_sci_m33.S.obj
LOAD CMakeFiles/pleper.dir/C_/Users/nacho/.pico-sdk/sdk/2.2.0/src/rp2_common/pico_double/double_conv_m33.S.obj
LOAD CMakeFiles/pleper.dir/C_/Users/nacho/.pico-sdk/sdk/2.2.0/src/rp2_common/pico_float/float_math.c.obj
LOAD CMakeFiles/pleper.dir/C_/Users/nacho/.pico-sdk/sdk/2.2.0/src/rp2_common/pico_float/float_conv32_vfp.S.obj
LOAD CMakeFiles/pleper.dir/C_/Users/nacho/.pico-sdk/sdk/2.2.0/src/rp2_common/pico_float/float_common_m33.S.obj
LOAD CMakeFiles/pleper.dir/C_/Users/nacho/.pico-sdk/sdk/2.2.0/src/rp2_common/pico_float/float_sci_m33_vfp.S.obj
LOAD CMakeFiles/pleper.dir/C_/Users/nacho/.pico-sdk/sdk/2.2.0/src/rp2_common/pico_malloc/malloc.c.obj
LOAD CMakeFiles/pleper.dir/C_/Users/nacho/.pico-sdk/sdk/2.2.0/src/rp2_common/pico_atomic/atomic.c.obj
LOAD CMakeFiles/pleper.dir/C_/Users/nacho/.pico-sdk/sdk/2.2.0/src/rp2_common/pico_cxx_options/new_delete.cpp.obj
LOAD CMakeFiles/pleper.dir/C_/Users/nacho/.pico-sdk/sdk/2.2.0/src/rp2_common/pico_standard_binary_info/standard_binary_info.c.obj
LOAD CMakeFiles/pleper.dir/C_/Users/nacho/.pico-sdk/sdk/2.2.0/src/rp2_common/pico_printf/printf.c.obj
LOAD CMakeFiles/pleper.dir/C_/Users/nacho/.pico-sdk/sdk/2.2.0/src/rp2_common/pico_crt0/crt0.S.obj
LOAD CMakeFiles/pleper.dir/C_/Users/nacho/.pico-sdk/sdk/2.2.0/src/rp2_common/pico_clib_interface/newlib_interface.c.obj
LOAD CMakeFiles/pleper.dir/C_/Users/nacho/.pico-sdk/sdk/2.2.0/src/rp2_common/pico_stdio/stdio.c.obj
LOAD CMakeFiles/pleper.dir/C_/Users/nacho/.pico-sdk/sdk/2.2.0/src/rp2_common/hardware_i2c/i2c.c.obj
LOAD CMakeFiles/pleper.dir/C_/Users/nacho/.pico-sdk/sdk/2.2.0/src/rp2_common/hardware_adc/adc.c.obj
LOAD pico-sdk/src/rp2350/boot_stage2/CMakeFiles/bs2_default_library.dir/./bs2_default_padded_checksummed.S.obj
LOAD lcd/liblcd.a
LOAD C:/Users/nacho/.pico-sdk/toolchain/14_2_Rel1/bin/../lib/gcc/arm-none-eabi/14.2.1/thumb/v8-m.main+fp/softfp\libstdc++.a
LOAD C:/Users/nacho/.pico-sdk/toolchain/14_2_Rel1/bin/../lib/gcc/arm-none-eabi/14.2.1/thumb/v8-m.main+fp/softfp\libm.a
START GROUP
LOAD C:/Users/nacho/.pico-sdk/toolchain/14_2_Rel1/bin/../lib/gcc/arm-none-eabi/14.2.1/thumb/v8-m.main+fp/softfp\libgcc.a
LOAD C:/Users/nacho/.pico-sdk/toolchain/14_2_Rel1/bin/../lib/gcc/arm-none-eabi/14.2.1/thumb/v8-m.main+fp/softfp\libg.a
LOAD C:/Users/nacho/.pico-sdk/toolchain/14_2_Rel1/bin/../lib/gcc/arm-none-eabi/14.2.1/thumb/v8-m.main+fp/softfp\libc.a
END GROUP
START GROUP
LOAD C:/Users/nacho/.pico-sdk/toolchain/14_2_Rel1/bin/../lib/gcc/arm-none-eabi/14.2.1/thumb/v8-m.main+fp/softfp\libgcc.a
LOAD C:/Users/nacho/.pico-sdk/toolchain/14_2_Rel1/bin/../lib/gcc/arm-none-eabi/14.2.1/thumb/v8-m.main+fp/softfp\libc.a
LOAD C:/Users/nacho/.pico-sdk/toolchain/14_2_Rel1/bin/../lib/gcc/arm-none-eabi/14.2.1/thumb/v8-m.main+fp/softfp\libnosys.a
END GROUP
LOAD C:/Users/nacho/.pico-sdk/toolchain/14_2_Rel1/bin/../lib/gcc/arm-none-eabi/14.2.1/thumb/v8-m.main+fp/softfp/crtend.o
LOAD C:/Users/nacho/.pico-sdk/toolchain/14_2_Rel1/bin/../lib/gcc/arm-none-eabi/14.2.1/thumb/v8-m.main+fp/softfp/crtn.o
OUTPUT(pleper.elf elf32-littlearm)
LOAD linker stubs

.rel.dyn        0x10003cc0        0x0
 .rel.iplt      0x10003cc0        0x0 C:/Users/nacho/.pico-sdk/toolchain/14_2_Rel1/bin/../lib/gcc/arm-none-eabi/14.2.1/thumb/v8-m.main+fp/softfp/crtbegin.o

.ARM.attributes
                0x00000000       0x34
 .ARM.attributes
                0x00000000       0x26 C:/Users/nacho/.pico-sdk/toolchain/14_2_Rel1/bin/../lib/gcc/arm-none-eabi/14.2.1/thumb/v8-m.main+fp/softfp/crti.o
 .ARM.attributes
                0x00000026       0x36 C:/Users/nacho/.pico-sdk/toolchain/14_2_Rel1/bin/../lib/gcc/arm-none-eabi/14.2.1/thumb/v8-m.main+fp/softfp/crtbegin.o
 .ARM.attributes
                0x0000005c       0x38 CMakeFiles/pleper.dir/pleper.c.obj
 .ARM.attributes
                0x00000094       0x38 CMakeFiles/pleper.dir/C_/Users/nacho/.pico-sdk/sdk/2.2.0/src/rp2_common/hardware_gpio/gpio.c.obj
 .ARM.attributes
                0x000000cc       0x38 CMakeFiles/pleper.dir/C_/Users/nacho/.pico-sdk/sdk/2.2.0/src/rp2_common/pico_platform_panic/panic.c.obj
 .ARM.attributes
                0x00000104       0x38 CMakeFiles/pleper.dir/C_/Users/nacho/.pico-sdk/sdk/2.2.0/src/common/hardware_claim/claim.c.obj
 .ARM.attributes
                0x0000013c       0x38 CMakeFiles/pleper.dir/C_/Users/nacho/.pico-sdk/sdk/2.2.0/src/rp2_common/hardware_sync/sync.c.obj
 .ARM.attributes
                0x00000174       0x38 CMakeFiles/pleper.dir/C_/Users/nacho/.pico-sdk/sdk/2.2.0/src/rp2_common/hardware_sync_spin_lock/sync_spin_lock.c.obj
 .ARM.attributes
                0x000001ac       0x38 CMakeFiles/pleper.dir/C_/Users/nacho/.pico-sdk/sdk/2.2.0/src/rp2_common/hardware_irq/irq.c.obj
 .ARM.attributes
                0x000001e4       0x38 CMakeFiles/pleper.dir/C_/Users/nacho/.pico-sdk/sdk/2.2.0/src/common/pico_sync/lock_core.c.obj
 .ARM.attributes
                0x0000021c       0x38 CMakeFiles/pleper.dir/C_/Users/nacho/.pico-sdk/sdk/2.2.0/src/common/pico_sync/mutex.c.obj
 .ARM.attributes
                0x00000254       0x38 CMakeFiles/pleper.dir/C_/Users/nacho/.pico-sdk/sdk/2.2.0/src/common/pico_time/time.c.obj
 .ARM.attributes
                0x0000028c       0x38 CMakeFiles/pleper.dir/C_/Users/nacho/.pico-sdk/sdk/2.2.0/src/rp2_common/hardware_timer/timer.c.obj
 .ARM.attributes
                0x000002c4       0x38 CMakeFiles/pleper.dir/C_/Users/nacho/.pico-sdk/sdk/2.2.0/src/rp2_common/hardware_clocks/clocks.c.obj
 .ARM.attributes
                0x000002fc       0x38 CMakeFiles/pleper.dir/C_/Users/nacho/.pico-sdk/sdk/2.2.0/src/rp2_common/hardware_pll/pll.c.obj
 .ARM.attributes
                0x00000334       0x38 CMakeFiles/pleper.dir/C_/Users/nacho/.pico-sdk/sdk/2.2.0/src/rp2_common/hardware_ticks/ticks.c.obj
 .ARM.attributes
                0x0000036c       0x38 CMakeFiles/pleper.dir/C_/Users/nacho/.pico-sdk/sdk/2.2.0/src/rp2_common/pico_bootrom/bootrom.c.obj
 .ARM.attributes
                0x000003a4       0x38 CMakeFiles/pleper.dir/C_/Users/nacho/.pico-sdk/sdk/2.2.0/src/rp2_common/pico_bootrom/bootrom_lock.c.obj
 .ARM.attributes
                0x000003dc       0x38 CMakeFiles/pleper.dir/C_/Users/nacho/.pico-sdk/sdk/2.2.0/src/rp2_common/hardware_boot_lock/boot_lock.c.obj
 .ARM.attributes
                0x00000414       0x38 CMakeFiles/pleper.dir/C_/Users/nacho/.pico-sdk/sdk/2.2.0/src/rp2_common/hardware_xosc/xosc.c.obj
 .ARM.attributes
                0x0000044c       0x38 CMakeFiles/pleper.dir/C_/Users/nacho/.pico-sdk/sdk/2.2.0/src/rp2_common/pico_runtime/runtime.c.obj
 .ARM.attributes
                0x00000484       0x38 CMakeFiles/pleper.dir/C_/Users/nacho/.pico-sdk/sdk/2.2.0/src/rp2_common/pico_runtime_init/runtime_init.c.obj
 .ARM.attributes
                0x000004bc       0x38 CMakeFiles/pleper.dir/C_/Users/nacho/.pico-sdk/sdk/2.2.0/src/rp2_common/pico_runtime_init/runtime_init_clocks.c.obj
 .ARM.attributes
                0x000004f4       0x28 CMakeFiles/pleper.dir/C_/Users/nacho/.pico-sdk/sdk/2.2.0/src/rp2_common/pico_double/double_aeabi_dcp.S.obj
 .ARM.attributes
                0x0000051c       0x38 CMakeFiles/pleper.dir/C_/Users/nacho/.pico-sdk/sdk/2.2.0/src/rp2_common/pico_standard_binary_info/standard_binary_info.c.obj
 .ARM.attributes
                0x00000554       0x38 CMakeFiles/pleper.dir/C_/Users/nacho/.pico-sdk/sdk/2.2.0/src/rp2_common/pico_printf/printf.c.obj
 .ARM.attributes
                0x0000058c       0x28 CMakeFiles/pleper.dir/C_/Users/nacho/.pico-sdk/sdk/2.2.0/src/rp2_common/pico_crt0/crt0.S.obj
 .ARM.attributes
                0x000005b4       0x38 CMakeFiles/pleper.dir/C_/Users/nacho/.pico-sdk/sdk/2.2.0/src/rp2_common/pico_clib_interface/newlib_interface.c.obj
 .ARM.attributes
                0x000005ec       0x38 CMakeFiles/pleper.dir/C_/Users/nacho/.pico-sdk/sdk/2.2.0/src/rp2_common/pico_stdio/stdio.c.obj
 .ARM.attributes
                0x00000624       0x38 CMakeFiles/pleper.dir/C_/Users/nacho/.pico-sdk/sdk/2.2.0/src/rp2_common/hardware_i2c/i2c.c.obj
 .ARM.attributes
                0x0000065c       0x38 CMakeFiles/pleper.dir/C_/Users/nacho/.pico-sdk/sdk/2.2.0/src/rp2_common/hardware_adc/adc.c.obj
 .ARM.attributes
                0x00000694       0x38 lcd/liblcd.a(lcd.c.obj)
 .ARM.attributes
                0x000006cc       0x26 C:/Users/nacho/.pico-sdk/toolchain/14_2_Rel1/bin/../lib/gcc/arm-none-eabi/14.2.1/thumb/v8-m.main+fp/softfp\libgcc.a(_aeabi_uldivmod.o)
 .ARM.attributes
                0x000006f2       0x36 C:/Users/nacho/.pico-sdk/toolchain/14_2_Rel1/bin/../lib/gcc/arm-none-eabi/14.2.1/thumb/v8-m.main+fp/softfp\libgcc.a(_udivmoddi4.o)
 .ARM.attributes
                0x00000728       0x26 C:/Users/nacho/.pico-sdk/toolchain/14_2_Rel1/bin/../lib/gcc/arm-none-eabi/14.2.1/thumb/v8-m.main+fp/softfp\libgcc.a(_dvmd_tls.o)
 .ARM.attributes
                0x0000074e       0x24 C:/Users/nacho/.pico-sdk/toolchain/14_2_Rel1/bin/../lib/gcc/arm-none-eabi/14.2.1/thumb/v8-m.main+fp/softfp\libg.a(libc_a-memcpy.o)
 .ARM.attributes
                0x00000772       0x36 C:/Users/nacho/.pico-sdk/toolchain/14_2_Rel1/bin/../lib/gcc/arm-none-eabi/14.2.1/thumb/v8-m.main+fp/softfp\libg.a(libc_a-strlen-stub.o)
 .ARM.attributes
                0x000007a8       0x36 C:/Users/nacho/.pico-sdk/toolchain/14_2_Rel1/bin/../lib/gcc/arm-none-eabi/14.2.1/thumb/v8-m.main+fp/softfp/crtend.o

.comment        0x00000000       0x45
 .comment       0x00000000       0x45 CMakeFiles/pleper.dir/pleper.c.obj
                                 0x46 (size before relaxing)
 .comment       0x00000045       0x46 CMakeFiles/pleper.dir/C_/Users/nacho/.pico-sdk/sdk/2.2.0/src/rp2_common/hardware_gpio/gpio.c.obj
 .comment       0x00000045       0x46 CMakeFiles/pleper.dir/C_/Users/nacho/.pico-sdk/sdk/2.2.0/src/rp2_common/pico_platform_panic/panic.c.obj
 .comment       0x00000045       0x46 CMakeFiles/pleper.dir/C_/Users/nacho/.pico-sdk/sdk/2.2.0/src/common/hardware_claim/claim.c.obj
 .comment       0x00000045       0x46 CMakeFiles/pleper.dir/C_/Users/nacho/.pico-sdk/sdk/2.2.0/src/rp2_common/hardware_sync/sync.c.obj
 .comment       0x00000045       0x46 CMakeFiles/pleper.dir/C_/Users/nacho/.pico-sdk/sdk/2.2.0/src/rp2_common/hardware_sync_spin_lock/sync_spin_lock.c.obj
 .comment       0x00000045       0x46 CMakeFiles/pleper.dir/C_/Users/nacho/.pico-sdk/sdk/2.2.0/src/rp2_common/hardware_irq/irq.c.obj
 .comment       0x00000045       0x46 CMakeFiles/pleper.dir/C_/Users/nacho/.pico-sdk/sdk/2.2.0/src/common/pico_sync/lock_core.c.obj
 .comment       0x00000045       0x46 CMakeFiles/pleper.dir/C_/Users/nacho/.pico-sdk/sdk/2.2.0/src/common/pico_sync/mutex.c.obj
 .comment       0x00000045       0x46 CMakeFiles/pleper.dir/C_/Users/nacho/.pico-sdk/sdk/2.2.0/src/common/pico_time/time.c.obj
 .comment       0x00000045       0x46 CMakeFiles/pleper.dir/C_/Users/nacho/.pico-sdk/sdk/2.2.0/src/rp2_common/hardware_timer/timer.c.obj
 .comment       0x00000045       0x46 CMakeFiles/pleper.dir/C_/Users/nacho/.pico-sdk/sdk/2.2.0/src/rp2_common/hardware_clocks/clocks.c.obj
 .comment       0x00000045       0x46 CMakeFiles/pleper.dir/C_/Users/nacho/.pico-sdk/sdk/2.2.0/src/rp2_common/hardware_pll/pll.c.obj
 .comment       0x00000045       0x46 CMakeFiles/pleper.dir/C_/Users/nacho/.pico-sdk/sdk/2.2.0/src/rp2_common/hardware_ticks/ticks.c.obj
 .comment       0x00000045       0x46 CMakeFiles/pleper.dir/C_/Users/nacho/.pico-sdk/sdk/2.2.0/src/rp2_common/pico_bootrom/bootrom.c.obj
 .comment       0x00000045       0x46 CMakeFiles/pleper.dir/C_/Users/nacho/.pico-sdk/sdk/2.2.0/src/rp2_common/pico_bootrom/bootrom_lock.c.obj
 .comment       0x00000045       0x46 CMakeFiles/pleper.dir/C_/Users/nacho/.pico-sdk/sdk/2.2.0/src/rp2_common/hardware_boot_lock/boot_lock.c.obj
 .comment       0x00000045       0x46 CMakeFiles/pleper.dir/C_/Users/nacho/.pico-sdk/sdk/2.2.0/src/rp2_common/hardware_xosc/xosc.c.obj
 .comment       0x00000045       0x46 CMakeFiles/pleper.dir/C_/Users/nacho/.pico-sdk/sdk/2.2.0/src/rp2_common/pico_runtime/runtime.c.obj
 .comment       0x00000045       0x46 CMakeFiles/pleper.dir/C_/Users/nacho/.pico-sdk/sdk/2.2.0/src/rp2_common/pico_runtime_init/runtime_init.c.obj
 .comment       0x00000045       0x46 CMakeFiles/pleper.dir/C_/Users/nacho/.pico-sdk/sdk/2.2.0/src/rp2_common/pico_runtime_init/runtime_init_clocks.c.obj
 .comment       0x00000045       0x46 CMakeFiles/pleper.dir/C_/Users/nacho/.pico-sdk/sdk/2.2.0/src/rp2_common/pico_standard_binary_info/standard_binary_info.c.obj
 .comment       0x00000045       0x46 CMakeFiles/pleper.dir/C_/Users/nacho/.pico-sdk/sdk/2.2.0/src/rp2_common/pico_printf/printf.c.obj
 .comment       0x00000045       0x46 CMakeFiles/pleper.dir/C_/Users/nacho/.pico-sdk/sdk/2.2.0/src/rp2_common/pico_clib_interface/newlib_interface.c.obj
 .comment       0x00000045       0x46 CMakeFiles/pleper.dir/C_/Users/nacho/.pico-sdk/sdk/2.2.0/src/rp2_common/pico_stdio/stdio.c.obj
 .comment       0x00000045       0x46 CMakeFiles/pleper.dir/C_/Users/nacho/.pico-sdk/sdk/2.2.0/src/rp2_common/hardware_i2c/i2c.c.obj
 .comment       0x00000045       0x46 CMakeFiles/pleper.dir/C_/Users/nacho/.pico-sdk/sdk/2.2.0/src/rp2_common/hardware_adc/adc.c.obj
 .comment       0x00000045       0x46 lcd/liblcd.a(lcd.c.obj)

.debug_info     0x00000000    0x1ac76
 .debug_info    0x00000000      0xb23 CMakeFiles/pleper.dir/pleper.c.obj
 .debug_info    0x00000b23     0x1c5b CMakeFiles/pleper.dir/C_/Users/nacho/.pico-sdk/sdk/2.2.0/src/rp2_common/hardware_gpio/gpio.c.obj
 .debug_info    0x0000277e      0x1b3 CMakeFiles/pleper.dir/C_/Users/nacho/.pico-sdk/sdk/2.2.0/src/rp2_common/pico_platform_panic/panic.c.obj
 .debug_info    0x00002931      0x745 CMakeFiles/pleper.dir/C_/Users/nacho/.pico-sdk/sdk/2.2.0/src/common/hardware_claim/claim.c.obj
 .debug_info    0x00003076      0x47d CMakeFiles/pleper.dir/C_/Users/nacho/.pico-sdk/sdk/2.2.0/src/rp2_common/hardware_sync/sync.c.obj
 .debug_info    0x000034f3     0x152a CMakeFiles/pleper.dir/C_/Users/nacho/.pico-sdk/sdk/2.2.0/src/rp2_common/hardware_sync_spin_lock/sync_spin_lock.c.obj
 .debug_info    0x00004a1d     0x2427 CMakeFiles/pleper.dir/C_/Users/nacho/.pico-sdk/sdk/2.2.0/src/rp2_common/hardware_irq/irq.c.obj
 .debug_info    0x00006e44      0x1cf CMakeFiles/pleper.dir/C_/Users/nacho/.pico-sdk/sdk/2.2.0/src/common/pico_sync/lock_core.c.obj
 .debug_info    0x00007013     0x1f13 CMakeFiles/pleper.dir/C_/Users/nacho/.pico-sdk/sdk/2.2.0/src/common/pico_sync/mutex.c.obj
 .debug_info    0x00008f26     0x3879 CMakeFiles/pleper.dir/C_/Users/nacho/.pico-sdk/sdk/2.2.0/src/common/pico_time/time.c.obj
 .debug_info    0x0000c79f     0x1ea5 CMakeFiles/pleper.dir/C_/Users/nacho/.pico-sdk/sdk/2.2.0/src/rp2_common/hardware_timer/timer.c.obj
 .debug_info    0x0000e644     0x167c CMakeFiles/pleper.dir/C_/Users/nacho/.pico-sdk/sdk/2.2.0/src/rp2_common/hardware_clocks/clocks.c.obj
 .debug_info    0x0000fcc0      0x67c CMakeFiles/pleper.dir/C_/Users/nacho/.pico-sdk/sdk/2.2.0/src/rp2_common/hardware_pll/pll.c.obj
 .debug_info    0x0001033c      0x2d6 CMakeFiles/pleper.dir/C_/Users/nacho/.pico-sdk/sdk/2.2.0/src/rp2_common/hardware_ticks/ticks.c.obj
 .debug_info    0x00010612     0x1030 CMakeFiles/pleper.dir/C_/Users/nacho/.pico-sdk/sdk/2.2.0/src/rp2_common/pico_bootrom/bootrom.c.obj
 .debug_info    0x00011642      0x1d5 CMakeFiles/pleper.dir/C_/Users/nacho/.pico-sdk/sdk/2.2.0/src/rp2_common/pico_bootrom/bootrom_lock.c.obj
 .debug_info    0x00011817      0x334 CMakeFiles/pleper.dir/C_/Users/nacho/.pico-sdk/sdk/2.2.0/src/rp2_common/hardware_boot_lock/boot_lock.c.obj
 .debug_info    0x00011b4b      0x1b5 CMakeFiles/pleper.dir/C_/Users/nacho/.pico-sdk/sdk/2.2.0/src/rp2_common/hardware_xosc/xosc.c.obj
 .debug_info    0x00011d00      0x1bc CMakeFiles/pleper.dir/C_/Users/nacho/.pico-sdk/sdk/2.2.0/src/rp2_common/pico_runtime/runtime.c.obj
 .debug_info    0x00011ebc     0x1c5d CMakeFiles/pleper.dir/C_/Users/nacho/.pico-sdk/sdk/2.2.0/src/rp2_common/pico_runtime_init/runtime_init.c.obj
 .debug_info    0x00013b19      0x7b0 CMakeFiles/pleper.dir/C_/Users/nacho/.pico-sdk/sdk/2.2.0/src/rp2_common/pico_runtime_init/runtime_init_clocks.c.obj
 .debug_info    0x000142c9       0x23 CMakeFiles/pleper.dir/C_/Users/nacho/.pico-sdk/sdk/2.2.0/src/rp2_common/pico_double/double_aeabi_dcp.S.obj
 .debug_info    0x000142ec      0x2e2 CMakeFiles/pleper.dir/C_/Users/nacho/.pico-sdk/sdk/2.2.0/src/rp2_common/pico_standard_binary_info/standard_binary_info.c.obj
 .debug_info    0x000145ce     0x1959 CMakeFiles/pleper.dir/C_/Users/nacho/.pico-sdk/sdk/2.2.0/src/rp2_common/pico_printf/printf.c.obj
 .debug_info    0x00015f27       0x23 CMakeFiles/pleper.dir/C_/Users/nacho/.pico-sdk/sdk/2.2.0/src/rp2_common/pico_crt0/crt0.S.obj
 .debug_info    0x00015f4a      0xcab CMakeFiles/pleper.dir/C_/Users/nacho/.pico-sdk/sdk/2.2.0/src/rp2_common/pico_clib_interface/newlib_interface.c.obj
 .debug_info    0x00016bf5     0x146e CMakeFiles/pleper.dir/C_/Users/nacho/.pico-sdk/sdk/2.2.0/src/rp2_common/pico_stdio/stdio.c.obj
 .debug_info    0x00018063     0x1c51 CMakeFiles/pleper.dir/C_/Users/nacho/.pico-sdk/sdk/2.2.0/src/rp2_common/hardware_i2c/i2c.c.obj
 .debug_info    0x00019cb4      0x44c CMakeFiles/pleper.dir/C_/Users/nacho/.pico-sdk/sdk/2.2.0/src/rp2_common/hardware_adc/adc.c.obj
 .debug_info    0x0001a100      0xb76 lcd/liblcd.a(lcd.c.obj)

.debug_abbrev   0x00000000     0x52a2
 .debug_abbrev  0x00000000      0x302 CMakeFiles/pleper.dir/pleper.c.obj
 .debug_abbrev  0x00000302      0x48d CMakeFiles/pleper.dir/C_/Users/nacho/.pico-sdk/sdk/2.2.0/src/rp2_common/hardware_gpio/gpio.c.obj
 .debug_abbrev  0x0000078f      0x12d CMakeFiles/pleper.dir/C_/Users/nacho/.pico-sdk/sdk/2.2.0/src/rp2_common/pico_platform_panic/panic.c.obj
 .debug_abbrev  0x000008bc      0x2c8 CMakeFiles/pleper.dir/C_/Users/nacho/.pico-sdk/sdk/2.2.0/src/common/hardware_claim/claim.c.obj
 .debug_abbrev  0x00000b84      0x1f8 CMakeFiles/pleper.dir/C_/Users/nacho/.pico-sdk/sdk/2.2.0/src/rp2_common/hardware_sync/sync.c.obj
 .debug_abbrev  0x00000d7c      0x2a1 CMakeFiles/pleper.dir/C_/Users/nacho/.pico-sdk/sdk/2.2.0/src/rp2_common/hardware_sync_spin_lock/sync_spin_lock.c.obj
 .debug_abbrev  0x0000101d      0x5d5 CMakeFiles/pleper.dir/C_/Users/nacho/.pico-sdk/sdk/2.2.0/src/rp2_common/hardware_irq/irq.c.obj
 .debug_abbrev  0x000015f2      0x130 CMakeFiles/pleper.dir/C_/Users/nacho/.pico-sdk/sdk/2.2.0/src/common/pico_sync/lock_core.c.obj
 .debug_abbrev  0x00001722      0x44b CMakeFiles/pleper.dir/C_/Users/nacho/.pico-sdk/sdk/2.2.0/src/common/pico_sync/mutex.c.obj
 .debug_abbrev  0x00001b6d      0x632 CMakeFiles/pleper.dir/C_/Users/nacho/.pico-sdk/sdk/2.2.0/src/common/pico_time/time.c.obj
 .debug_abbrev  0x0000219f      0x4b4 CMakeFiles/pleper.dir/C_/Users/nacho/.pico-sdk/sdk/2.2.0/src/rp2_common/hardware_timer/timer.c.obj
 .debug_abbrev  0x00002653      0x477 CMakeFiles/pleper.dir/C_/Users/nacho/.pico-sdk/sdk/2.2.0/src/rp2_common/hardware_clocks/clocks.c.obj
 .debug_abbrev  0x00002aca      0x1f8 CMakeFiles/pleper.dir/C_/Users/nacho/.pico-sdk/sdk/2.2.0/src/rp2_common/hardware_pll/pll.c.obj
 .debug_abbrev  0x00002cc2      0x153 CMakeFiles/pleper.dir/C_/Users/nacho/.pico-sdk/sdk/2.2.0/src/rp2_common/hardware_ticks/ticks.c.obj
 .debug_abbrev  0x00002e15      0x498 CMakeFiles/pleper.dir/C_/Users/nacho/.pico-sdk/sdk/2.2.0/src/rp2_common/pico_bootrom/bootrom.c.obj
 .debug_abbrev  0x000032ad      0x12b CMakeFiles/pleper.dir/C_/Users/nacho/.pico-sdk/sdk/2.2.0/src/rp2_common/pico_bootrom/bootrom_lock.c.obj
 .debug_abbrev  0x000033d8      0x200 CMakeFiles/pleper.dir/C_/Users/nacho/.pico-sdk/sdk/2.2.0/src/rp2_common/hardware_boot_lock/boot_lock.c.obj
 .debug_abbrev  0x000035d8      0x10b CMakeFiles/pleper.dir/C_/Users/nacho/.pico-sdk/sdk/2.2.0/src/rp2_common/hardware_xosc/xosc.c.obj
 .debug_abbrev  0x000036e3      0x149 CMakeFiles/pleper.dir/C_/Users/nacho/.pico-sdk/sdk/2.2.0/src/rp2_common/pico_runtime/runtime.c.obj
 .debug_abbrev  0x0000382c      0x2f9 CMakeFiles/pleper.dir/C_/Users/nacho/.pico-sdk/sdk/2.2.0/src/rp2_common/pico_runtime_init/runtime_init.c.obj
 .debug_abbrev  0x00003b25      0x2c3 CMakeFiles/pleper.dir/C_/Users/nacho/.pico-sdk/sdk/2.2.0/src/rp2_common/pico_runtime_init/runtime_init_clocks.c.obj
 .debug_abbrev  0x00003de8       0x12 CMakeFiles/pleper.dir/C_/Users/nacho/.pico-sdk/sdk/2.2.0/src/rp2_common/pico_double/double_aeabi_dcp.S.obj
 .debug_abbrev  0x00003dfa       0xb8 CMakeFiles/pleper.dir/C_/Users/nacho/.pico-sdk/sdk/2.2.0/src/rp2_common/pico_standard_binary_info/standard_binary_info.c.obj
 .debug_abbrev  0x00003eb2      0x382 CMakeFiles/pleper.dir/C_/Users/nacho/.pico-sdk/sdk/2.2.0/src/rp2_common/pico_printf/printf.c.obj
 .debug_abbrev  0x00004234       0x12 CMakeFiles/pleper.dir/C_/Users/nacho/.pico-sdk/sdk/2.2.0/src/rp2_common/pico_crt0/crt0.S.obj
 .debug_abbrev  0x00004246      0x35f CMakeFiles/pleper.dir/C_/Users/nacho/.pico-sdk/sdk/2.2.0/src/rp2_common/pico_clib_interface/newlib_interface.c.obj
 .debug_abbrev  0x000045a5      0x526 CMakeFiles/pleper.dir/C_/Users/nacho/.pico-sdk/sdk/2.2.0/src/rp2_common/pico_stdio/stdio.c.obj
 .debug_abbrev  0x00004acb      0x4be CMakeFiles/pleper.dir/C_/Users/nacho/.pico-sdk/sdk/2.2.0/src/rp2_common/hardware_i2c/i2c.c.obj
 .debug_abbrev  0x00004f89      0x14b CMakeFiles/pleper.dir/C_/Users/nacho/.pico-sdk/sdk/2.2.0/src/rp2_common/hardware_adc/adc.c.obj
 .debug_abbrev  0x000050d4      0x1ce lcd/liblcd.a(lcd.c.obj)

.debug_loclists
                0x00000000     0x919c
 .debug_loclists
                0x00000000      0x151 CMakeFiles/pleper.dir/pleper.c.obj
 .debug_loclists
                0x00000151      0xc5a CMakeFiles/pleper.dir/C_/Users/nacho/.pico-sdk/sdk/2.2.0/src/rp2_common/hardware_gpio/gpio.c.obj
 .debug_loclists
                0x00000dab      0x268 CMakeFiles/pleper.dir/C_/Users/nacho/.pico-sdk/sdk/2.2.0/src/common/hardware_claim/claim.c.obj
 .debug_loclists
                0x00001013       0xe6 CMakeFiles/pleper.dir/C_/Users/nacho/.pico-sdk/sdk/2.2.0/src/rp2_common/hardware_sync/sync.c.obj
 .debug_loclists
                0x000010f9       0xa3 CMakeFiles/pleper.dir/C_/Users/nacho/.pico-sdk/sdk/2.2.0/src/rp2_common/hardware_sync_spin_lock/sync_spin_lock.c.obj
 .debug_loclists
                0x0000119c      0xd96 CMakeFiles/pleper.dir/C_/Users/nacho/.pico-sdk/sdk/2.2.0/src/rp2_common/hardware_irq/irq.c.obj
 .debug_loclists
                0x00001f32       0x17 CMakeFiles/pleper.dir/C_/Users/nacho/.pico-sdk/sdk/2.2.0/src/common/pico_sync/lock_core.c.obj
 .debug_loclists
                0x00001f49      0xacf CMakeFiles/pleper.dir/C_/Users/nacho/.pico-sdk/sdk/2.2.0/src/common/pico_sync/mutex.c.obj
 .debug_loclists
                0x00002a18     0x195f CMakeFiles/pleper.dir/C_/Users/nacho/.pico-sdk/sdk/2.2.0/src/common/pico_time/time.c.obj
 .debug_loclists
                0x00004377      0xaf6 CMakeFiles/pleper.dir/C_/Users/nacho/.pico-sdk/sdk/2.2.0/src/rp2_common/hardware_timer/timer.c.obj
 .debug_loclists
                0x00004e6d      0x886 CMakeFiles/pleper.dir/C_/Users/nacho/.pico-sdk/sdk/2.2.0/src/rp2_common/hardware_clocks/clocks.c.obj
 .debug_loclists
                0x000056f3      0x3d0 CMakeFiles/pleper.dir/C_/Users/nacho/.pico-sdk/sdk/2.2.0/src/rp2_common/hardware_pll/pll.c.obj
 .debug_loclists
                0x00005ac3       0x80 CMakeFiles/pleper.dir/C_/Users/nacho/.pico-sdk/sdk/2.2.0/src/rp2_common/hardware_ticks/ticks.c.obj
 .debug_loclists
                0x00005b43      0x7a4 CMakeFiles/pleper.dir/C_/Users/nacho/.pico-sdk/sdk/2.2.0/src/rp2_common/pico_bootrom/bootrom.c.obj
 .debug_loclists
                0x000062e7       0x8c CMakeFiles/pleper.dir/C_/Users/nacho/.pico-sdk/sdk/2.2.0/src/rp2_common/hardware_boot_lock/boot_lock.c.obj
 .debug_loclists
                0x00006373       0x48 CMakeFiles/pleper.dir/C_/Users/nacho/.pico-sdk/sdk/2.2.0/src/rp2_common/hardware_xosc/xosc.c.obj
 .debug_loclists
                0x000063bb       0x58 CMakeFiles/pleper.dir/C_/Users/nacho/.pico-sdk/sdk/2.2.0/src/rp2_common/pico_runtime/runtime.c.obj
 .debug_loclists
                0x00006413      0x129 CMakeFiles/pleper.dir/C_/Users/nacho/.pico-sdk/sdk/2.2.0/src/rp2_common/pico_runtime_init/runtime_init.c.obj
 .debug_loclists
                0x0000653c       0x64 CMakeFiles/pleper.dir/C_/Users/nacho/.pico-sdk/sdk/2.2.0/src/rp2_common/pico_runtime_init/runtime_init_clocks.c.obj
 .debug_loclists
                0x000065a0     0x13fb CMakeFiles/pleper.dir/C_/Users/nacho/.pico-sdk/sdk/2.2.0/src/rp2_common/pico_printf/printf.c.obj
 .debug_loclists
                0x0000799b      0x452 CMakeFiles/pleper.dir/C_/Users/nacho/.pico-sdk/sdk/2.2.0/src/rp2_common/pico_clib_interface/newlib_interface.c.obj
 .debug_loclists
                0x00007ded      0x664 CMakeFiles/pleper.dir/C_/Users/nacho/.pico-sdk/sdk/2.2.0/src/rp2_common/pico_stdio/stdio.c.obj
 .debug_loclists
                0x00008451      0xaab CMakeFiles/pleper.dir/C_/Users/nacho/.pico-sdk/sdk/2.2.0/src/rp2_common/hardware_i2c/i2c.c.obj
 .debug_loclists
                0x00008efc       0x98 CMakeFiles/pleper.dir/C_/Users/nacho/.pico-sdk/sdk/2.2.0/src/rp2_common/hardware_adc/adc.c.obj
 .debug_loclists
                0x00008f94      0x208 lcd/liblcd.a(lcd.c.obj)

.debug_aranges  0x00000000      0xcf0
 .debug_aranges
                0x00000000       0x28 CMakeFiles/pleper.dir/pleper.c.obj
 .debug_aranges
                0x00000028      0x120 CMakeFiles/pleper.dir/C_/Users/nacho/.pico-sdk/sdk/2.2.0/src/rp2_common/hardware_gpio/gpio.c.obj
 .debug_aranges
                0x00000148       0x28 CMakeFiles/pleper.dir/C_/Users/nacho/.pico-sdk/sdk/2.2.0/src/rp2_common/pico_platform_panic/panic.c.obj
 .debug_aranges
                0x00000170       0x48 CMakeFiles/pleper.dir/C_/Users/nacho/.pico-sdk/sdk/2.2.0/src/common/hardware_claim/claim.c.obj
 .debug_aranges
                0x000001b8       0x48 CMakeFiles/pleper.dir/C_/Users/nacho/.pico-sdk/sdk/2.2.0/src/rp2_common/hardware_sync/sync.c.obj
 .debug_aranges
                0x00000200       0x30 CMakeFiles/pleper.dir/C_/Users/nacho/.pico-sdk/sdk/2.2.0/src/rp2_common/hardware_sync_spin_lock/sync_spin_lock.c.obj
 .debug_aranges
                0x00000230       0xe8 CMakeFiles/pleper.dir/C_/Users/nacho/.pico-sdk/sdk/2.2.0/src/rp2_common/hardware_irq/irq.c.obj
 .debug_aranges
                0x00000318       0x20 CMakeFiles/pleper.dir/C_/Users/nacho/.pico-sdk/sdk/2.2.0/src/common/pico_sync/lock_core.c.obj
 .debug_aranges
                0x00000338       0x98 CMakeFiles/pleper.dir/C_/Users/nacho/.pico-sdk/sdk/2.2.0/src/common/pico_sync/mutex.c.obj
 .debug_aranges
                0x000003d0      0x120 CMakeFiles/pleper.dir/C_/Users/nacho/.pico-sdk/sdk/2.2.0/src/common/pico_time/time.c.obj
 .debug_aranges
                0x000004f0       0xf0 CMakeFiles/pleper.dir/C_/Users/nacho/.pico-sdk/sdk/2.2.0/src/rp2_common/hardware_timer/timer.c.obj
 .debug_aranges
                0x000005e0       0xa8 CMakeFiles/pleper.dir/C_/Users/nacho/.pico-sdk/sdk/2.2.0/src/rp2_common/hardware_clocks/clocks.c.obj
 .debug_aranges
                0x00000688       0x28 CMakeFiles/pleper.dir/C_/Users/nacho/.pico-sdk/sdk/2.2.0/src/rp2_common/hardware_pll/pll.c.obj
 .debug_aranges
                0x000006b0       0x30 CMakeFiles/pleper.dir/C_/Users/nacho/.pico-sdk/sdk/2.2.0/src/rp2_common/hardware_ticks/ticks.c.obj
 .debug_aranges
                0x000006e0       0x80 CMakeFiles/pleper.dir/C_/Users/nacho/.pico-sdk/sdk/2.2.0/src/rp2_common/pico_bootrom/bootrom.c.obj
 .debug_aranges
                0x00000760       0x20 CMakeFiles/pleper.dir/C_/Users/nacho/.pico-sdk/sdk/2.2.0/src/rp2_common/pico_bootrom/bootrom_lock.c.obj
 .debug_aranges
                0x00000780       0x30 CMakeFiles/pleper.dir/C_/Users/nacho/.pico-sdk/sdk/2.2.0/src/rp2_common/hardware_boot_lock/boot_lock.c.obj
 .debug_aranges
                0x000007b0       0x30 CMakeFiles/pleper.dir/C_/Users/nacho/.pico-sdk/sdk/2.2.0/src/rp2_common/hardware_xosc/xosc.c.obj
 .debug_aranges
                0x000007e0       0x40 CMakeFiles/pleper.dir/C_/Users/nacho/.pico-sdk/sdk/2.2.0/src/rp2_common/pico_runtime/runtime.c.obj
 .debug_aranges
                0x00000820       0x58 CMakeFiles/pleper.dir/C_/Users/nacho/.pico-sdk/sdk/2.2.0/src/rp2_common/pico_runtime_init/runtime_init.c.obj
 .debug_aranges
                0x00000878       0x28 CMakeFiles/pleper.dir/C_/Users/nacho/.pico-sdk/sdk/2.2.0/src/rp2_common/pico_runtime_init/runtime_init_clocks.c.obj
 .debug_aranges
                0x000008a0       0xf8 CMakeFiles/pleper.dir/C_/Users/nacho/.pico-sdk/sdk/2.2.0/src/rp2_common/pico_double/double_aeabi_dcp.S.obj
 .debug_aranges
                0x00000998       0x18 CMakeFiles/pleper.dir/C_/Users/nacho/.pico-sdk/sdk/2.2.0/src/rp2_common/pico_standard_binary_info/standard_binary_info.c.obj
 .debug_aranges
                0x000009b0       0x90 CMakeFiles/pleper.dir/C_/Users/nacho/.pico-sdk/sdk/2.2.0/src/rp2_common/pico_printf/printf.c.obj
 .debug_aranges
                0x00000a40       0x28 CMakeFiles/pleper.dir/C_/Users/nacho/.pico-sdk/sdk/2.2.0/src/rp2_common/pico_crt0/crt0.S.obj
 .debug_aranges
                0x00000a68       0xa8 CMakeFiles/pleper.dir/C_/Users/nacho/.pico-sdk/sdk/2.2.0/src/rp2_common/pico_clib_interface/newlib_interface.c.obj
 .debug_aranges
                0x00000b10       0xd0 CMakeFiles/pleper.dir/C_/Users/nacho/.pico-sdk/sdk/2.2.0/src/rp2_common/pico_stdio/stdio.c.obj
 .debug_aranges
                0x00000be0       0x90 CMakeFiles/pleper.dir/C_/Users/nacho/.pico-sdk/sdk/2.2.0/src/rp2_common/hardware_i2c/i2c.c.obj
 .debug_aranges
                0x00000c70       0x20 CMakeFiles/pleper.dir/C_/Users/nacho/.pico-sdk/sdk/2.2.0/src/rp2_common/hardware_adc/adc.c.obj
 .debug_aranges
                0x00000c90       0x60 lcd/liblcd.a(lcd.c.obj)

.debug_rnglists
                0x00000000      0xd8f
 .debug_rnglists
                0x00000000       0x27 CMakeFiles/pleper.dir/pleper.c.obj
 .debug_rnglists